 decora-d3d

 Timestamp is 4c3f48a1 (Thu Jul 15 10:42:57 2010)

 Preferred load address is 10000000

 Start         Length     Name                   Class
 0001:00000000 00001ce8H .text                   CODE
 0002:00000000 00000054H .idata$5                DATA
 0002:00000058 000003e0H .rdata                  DATA
 0002:00000440 00000004H .rdata$sxdata           DATA
 0002:00000444 00000004H .rtc$IAA                DATA
 0002:00000448 00000004H .rtc$IZZ                DATA
 0002:0000044c 00000004H .rtc$TAA                DATA
 0002:00000450 00000004H .rtc$TZZ                DATA
 0002:00000454 00000028H .idata$2                DATA
 0002:0000047c 00000014H .idata$3                DATA
 0002:00000490 00000054H .idata$4                DATA
 0002:000004e4 00000110H .idata$6                DATA
 0002:00000600 00000590H .edata                  DATA
 0003:00000000 00000004H .CRT$XCA                DATA
 0003:00000004 00000004H .CRT$XCZ                DATA
 0003:00000008 00000004H .CRT$XIA                DATA
 0003:0000000c 00000004H .CRT$XIZ                DATA
 0003:00000010 00000014H .data                   DATA
 0003:00000024 00000018H .bss                    DATA

  Address         Publics by Value              Rva+Base     Lib:Object

 0000:00000000       __except_list              00000000     <absolute>
 0000:00000001       ___safe_se_handler_count   00000001     <absolute>
 0000:00009876       __fltused                  00009876     <absolute>
 0000:00009876       __ldused                   00009876     <absolute>
 0001:00000000       ?CheckVB@D3DVB@@QAEJPAUIDirect3DDevice9@@@Z 10001000 f   D3DVB.obj
 0001:00000150       ?ReleaseDefPoolResources@D3DVB@@QAEXXZ 10001150 f   D3DVB.obj
 0001:000001a0       ?Render@D3DVB@@QAEJH@Z     100011a0 f   D3DVB.obj
 0001:00000270       ?DrawQuad@D3DVB@@QAEJMMMM@Z 10001270 f   D3DVB.obj
 0001:00000460       ?DrawTexture@D3DVB@@QAEJMMMMMMMM@Z 10001460 f   D3DVB.obj
 0001:00000710       ?DrawTexture@D3DVB@@QAEJMMMMMMMMMMMM@Z 10001710 f   D3DVB.obj
 0001:00000a90       ?CreateInstance@D3DVB@@SAJPAUIDirect3DDevice9@@PAPAV1@@Z 10001a90 f   D3DVB.obj
 0001:00000b60       _Java_com_sun_scenario_effect_impl_hw_d3d_D3DShader_init 10001b60 f   D3DShader.obj
 0001:00000bc0       _Java_com_sun_scenario_effect_impl_hw_d3d_D3DShader_enable 10001bc0 f   D3DShader.obj
 0001:00000c50       _Java_com_sun_scenario_effect_impl_hw_d3d_D3DShader_disable 10001c50 f   D3DShader.obj
 0001:00000cc0       _Java_com_sun_scenario_effect_impl_hw_d3d_D3DShader_setConstantsI 10001cc0 f   D3DShader.obj
 0001:00000da0       _Java_com_sun_scenario_effect_impl_hw_d3d_D3DShader_setConstantsF 10001da0 f   D3DShader.obj
 0001:00000e80       _Java_com_sun_scenario_effect_impl_hw_d3d_D3DShader_dispose 10001e80 f   D3DShader.obj
 0001:00000ea0       ?matrixMult@@YAXAAU_D3DMATRIX@@ABU1@1@Z 10001ea0 f i D3DRenderer.obj
 0001:00000f10       ?matrixTranspose@@YAXAAU_D3DMATRIX@@@Z 10001f10 f i D3DRenderer.obj
 0001:00000f60       ?Enable@D3DRenderer@@QAEJXZ 10001f60 f   D3DRenderer.obj
 0001:00001080       ?Disable@D3DRenderer@@QAEJXZ 10002080 f   D3DRenderer.obj
 0001:000010d0       ?SetBlendMode@D3DRenderer@@QAEJJ@Z 100020d0 f   D3DRenderer.obj
 0001:00001130       ?DrawTexture@D3DRenderer@@QAEJPAUIDirect3DTexture9@@EMMMMMMMM@Z 10002130 f   D3DRenderer.obj
 0001:00001200       ?DrawTexture@D3DRenderer@@QAEJPAUIDirect3DTexture9@@E0EMMMMMMMMMMMM@Z 10002200 f   D3DRenderer.obj
 0001:00001370       _Java_com_sun_scenario_effect_impl_hw_d3d_D3DRendererDelegate_enable 10002370 f   D3DRenderer.obj
 0001:00001390       _Java_com_sun_scenario_effect_impl_hw_d3d_D3DRendererDelegate_disable 10002390 f   D3DRenderer.obj
 0001:000013b0       _Java_com_sun_scenario_effect_impl_hw_d3d_D3DRendererDelegate_setBlendMode 100023b0 f   D3DRenderer.obj
 0001:000013d0       _Java_com_sun_scenario_effect_impl_hw_d3d_D3DRendererDelegate_createFloatTexture 100023d0 f   D3DRenderer.obj
 0001:00001410       _Java_com_sun_scenario_effect_impl_hw_d3d_D3DRendererDelegate_updateFloatTexture 10002410 f   D3DRenderer.obj
 0001:00001500       _Java_com_sun_scenario_effect_impl_hw_d3d_D3DRendererDelegate_drawQuad 10002500 f   D3DRenderer.obj
 0001:00001550       _Java_com_sun_scenario_effect_impl_hw_d3d_D3DRendererDelegate_drawTexture 10002550 f   D3DRenderer.obj
 0001:000015a0       _Java_com_sun_scenario_effect_impl_hw_d3d_D3DRendererDelegate_drawTexture2 100025a0 f   D3DRenderer.obj
 0001:00001620       _Java_com_sun_scenario_effect_impl_hw_d3d_D3DRendererDelegate_getDevicePtr 10002620 f   D3DRenderer.obj
 0001:00001630       ?Release@D3DRenderer@@QAEXXZ 10002630 f   D3DRenderer.obj
 0001:00001690       ?Init@D3DRenderer@@QAEJPAUIDirect3DDevice9@@H@Z 10002690 f   D3DRenderer.obj
 0001:00001730       _Java_com_sun_scenario_effect_impl_hw_d3d_D3DRendererDelegate_dispose 10002730 f   D3DRenderer.obj
 0001:000017a0       ?CreateInstance@D3DRenderer@@SAJPAUIDirect3DDevice9@@PAPAV1@H@Z 100027a0 f   D3DRenderer.obj
 0001:00001810       _Java_com_sun_scenario_effect_impl_hw_d3d_D3DRendererDelegate_init 10002810 f   D3DRenderer.obj
 0001:00001840       _TraceInit                 10002840 f   Trace.obj
 0001:000018e0       _TraceImpl                 100028e0 f   Trace.obj
 0001:000019f0       ??2@YAPAXI@Z               100029f0 f   MSVCRT:MSVCR71.dll
 0001:000019f6       ??3@YAXPAX@Z               100029f6 f   MSVCRT:MSVCR71.dll
 0001:00001a00       __CRT_INIT@12              10002a00 f   MSVCRT:crtdll.obj
 0001:00001abe       __DllMainCRTStartup@12     10002abe f   MSVCRT:crtdll.obj
 0001:00001ba2       __initterm                 10002ba2 f   MSVCRT:MSVCR71.dll
 0001:00001ba8       __onexit                   10002ba8 f   MSVCRT:atonexit.obj
 0001:00001bce       _atexit                    10002bce f   MSVCRT:atonexit.obj
 0001:00001be0       __RTC_Initialize           10002be0 f   MSVCRT:initsect.obj
 0001:00001c24       __RTC_Terminate            10002c24 f   MSVCRT:initsect.obj
 0001:00001c68       ___CppXcptFilter           10002c68 f   MSVCRT:MSVCR71.dll
 0001:00001c6e       _DllMain@12                10002c6e f   MSVCRT:dllmain.obj
 0001:00001c90       __SEH_prolog               10002c90 f   MSVCRT:sehprolg.obj
 0001:00001ccb       __SEH_epilog               10002ccb f   MSVCRT:sehprolg.obj
 0001:00001cdc       __except_handler3          10002cdc f   MSVCRT:MSVCR71.dll
 0001:00001ce2       ___dllonexit               10002ce2 f   MSVCRT:MSVCR71.dll
 0002:00000000       __imp__DisableThreadLibraryCalls@4 10003000     kernel32:KERNEL32.dll
 0002:00000004       \177KERNEL32_NULL_THUNK_DATA 10003004     kernel32:KERNEL32.dll
 0002:00000008       __imp___iob                10003008     MSVCRT:MSVCR71.dll
 0002:0000000c       __imp__printf              1000300c     MSVCRT:MSVCR71.dll
 0002:00000010       __imp__fopen               10003010     MSVCRT:MSVCR71.dll
 0002:00000014       __imp__sscanf              10003014     MSVCRT:MSVCR71.dll
 0002:00000018       __imp__getenv              10003018     MSVCRT:MSVCR71.dll
 0002:0000001c       __imp__fflush              1000301c     MSVCRT:MSVCR71.dll
 0002:00000020       __imp__vfprintf            10003020     MSVCRT:MSVCR71.dll
 0002:00000024       __imp__fprintf             10003024     MSVCRT:MSVCR71.dll
 0002:00000028       __imp_??3@YAXPAX@Z         10003028     MSVCRT:MSVCR71.dll
 0002:0000002c       __imp___initterm           1000302c     MSVCRT:MSVCR71.dll
 0002:00000030       __imp__malloc              10003030     MSVCRT:MSVCR71.dll
 0002:00000034       __imp___adjust_fdiv        10003034     MSVCRT:MSVCR71.dll
 0002:00000038       __imp____CppXcptFilter     10003038     MSVCRT:MSVCR71.dll
 0002:0000003c       __imp___except_handler3    1000303c     MSVCRT:MSVCR71.dll
 0002:00000040       __imp____dllonexit         10003040     MSVCRT:MSVCR71.dll
 0002:00000044       __imp___onexit             10003044     MSVCRT:MSVCR71.dll
 0002:00000048       __imp__free                10003048     MSVCRT:MSVCR71.dll
 0002:0000004c       __imp_??2@YAPAXI@Z         1000304c     MSVCRT:MSVCR71.dll
 0002:00000050       \177MSVCR71_NULL_THUNK_DATA 10003050     MSVCRT:MSVCR71.dll
 0002:00000058       __real@3f000000            10003058     D3DVB.obj
 0002:0000005c       ??_C@_0BI@DPCAPHHL@?5?5Error?5creating?5shader?$AA@ 1000305c     D3DShader.obj
 0002:00000074       ??_C@_0CG@MAKLDJBA@?5?5Could?5not?5get?5direct?5buffer?5ad@ 10003074     D3DShader.obj
 0002:0000009c       ??_C@_0BI@NPAAFNCE@?5?5SetPixelShader?5failed?$AA@ 1000309c     D3DShader.obj
 0002:000000b4       ??_C@_0CD@BHHMPKKF@?5?5Could?5not?5get?5device?5from?5shad@ 100030b4     D3DShader.obj
 0002:000000d8       ??_C@_0BC@FKBGFEJI@?5?5pShader?5is?5null?$AA@ 100030d8     D3DShader.obj
 0002:000000ec       ??_C@_0CB@BFIGAHBH@?5?5SetPixelShaderConstantI?5failed@ 100030ec     D3DShader.obj
 0002:00000110       ??_C@_0CB@MKDPMIMG@?5?5SetPixelShaderConstantF?5failed@ 10003110     D3DShader.obj
 0002:000002e8       ??_C@_0CO@HNABKPBN@D3DRenderer?3?3DrawTexture?52?3?5SetT@ 100032e8     D3DRenderer.obj
 0002:00000318       ??_C@_0CF@KPGBMGBG@D3DRenderer?3?3Init?5doBeginEndScen@ 10003318     D3DRenderer.obj
 0002:00000340       ??_C@_0CC@DNNFPILA@?$CIE?$CJ?3?5Error?5opening?5trace?5file?5?$CFs@ 10003340     Trace.obj
 0002:00000364       ??_C@_01NOFIACDB@w?$AA@    10003364     Trace.obj
 0002:00000368       ??_C@_0P@NGKOPMFN@DEC_TRACE_FILE?$AA@ 10003368     Trace.obj
 0002:00000378       ??_C@_02DPKJAMEF@?$CFd?$AA@ 10003378     Trace.obj
 0002:0000037c       ??_C@_0BA@BCAPPKCA@DEC_TRACE_LEVEL?$AA@ 1000337c     Trace.obj
 0002:0000038c       ??_C@_01EEMJAFIK@?6?$AA@   1000338c     Trace.obj
 0002:00000390       ??_C@_05LKLPEAOK@?$CI?$CFd?$CJ?5?$AA@ 10003390     Trace.obj
 0002:00000398       ??_C@_04GEMNBCKH@?$CIX?$CJ?5?$AA@ 10003398     Trace.obj
 0002:000003a0       ??_C@_04IEBCGFJE@?$CIV?$CJ?5?$AA@ 100033a0     Trace.obj
 0002:000003a8       ??_C@_04IMGICCFN@?$CII?$CJ?5?$AA@ 100033a8     Trace.obj
 0002:000003b0       ??_C@_04DMKOACPB@?$CIW?$CJ?5?$AA@ 100033b0     Trace.obj
 0002:000003b8       ??_C@_04MGLOJNOF@?$CIE?$CJ?5?$AA@ 100033b8     Trace.obj
 0002:000003f0       __load_config_used         100033f0     MSVCRT:loadcfg.obj
 0002:00000440       ___safe_se_handler_table   10003440     <linker-defined>
 0002:00000444       ___rtc_iaa                 10003444     MSVCRT:initsect.obj
 0002:00000448       ___rtc_izz                 10003448     MSVCRT:initsect.obj
 0002:0000044c       ___rtc_taa                 1000344c     MSVCRT:initsect.obj
 0002:00000450       ___rtc_tzz                 10003450     MSVCRT:initsect.obj
 0002:00000454       __IMPORT_DESCRIPTOR_MSVCR71 10003454     MSVCRT:MSVCR71.dll
 0002:00000468       __IMPORT_DESCRIPTOR_KERNEL32 10003468     kernel32:KERNEL32.dll
 0002:0000047c       __NULL_IMPORT_DESCRIPTOR   1000347c     MSVCRT:MSVCR71.dll
 0003:00000000       ___xc_a                    10004000     MSVCRT:cinitexe.obj
 0003:00000004       ___xc_z                    10004004     MSVCRT:cinitexe.obj
 0003:00000008       ___xi_a                    10004008     MSVCRT:cinitexe.obj
 0003:0000000c       ___xi_z                    1000400c     MSVCRT:cinitexe.obj
 0003:00000020       ___security_cookie         10004020     MSVCRT:seccook.obj
 0003:0000002c       __adjust_fdiv              1000402c     <common>
 0003:00000030       ___onexitend               10004030     <common>
 0003:00000034       ___onexitbegin             10004034     <common>
 0003:00000038       __pRawDllMain              10004038     <common>

 entry point at        0001:00001abe

 Static symbols

