 javafx-common

 Timestamp is 4c3f476b (Thu Jul 15 10:37:47 2010)

 Preferred load address is 10000000

 Start         Length     Name                   Class
 0001:00000000 00000cccH .text                   CODE
 0002:00000000 0000002cH .idata$5                DATA
 0002:00000030 000000c8H .rdata                  DATA
 0002:00000100 00000004H .rdata$sxdata           DATA
 0002:00000104 00000004H .rtc$IAA                DATA
 0002:00000108 00000004H .rtc$IZZ                DATA
 0002:0000010c 00000004H .rtc$TAA                DATA
 0002:00000110 00000004H .rtc$TZZ                DATA
 0002:00000114 00000028H .idata$2                DATA
 0002:0000013c 00000014H .idata$3                DATA
 0002:00000150 0000002cH .idata$4                DATA
 0002:0000017c 000000a2H .idata$6                DATA
 0002:00000220 00000171H .edata                  DATA
 0003:00000000 00000004H .CRT$XCA                DATA
 0003:00000004 00000004H .CRT$XCZ                DATA
 0003:00000008 00000004H .CRT$XIA                DATA
 0003:0000000c 00000004H .CRT$XIZ                DATA
 0003:00000010 000000f4H .data                   DATA
 0003:00000104 00000014H .bss                    DATA

  Address         Publics by Value              Rva+Base     Lib:Object

 0000:00000000       __except_list              00000000     <absolute>
 0000:00000001       ___safe_se_handler_count   00000001     <absolute>
 0000:00009876       __ldused                   00009876     <absolute>
 0000:00009876       __fltused                  00009876     <absolute>
 0001:00000000       _Java_com_sun_javafx_util_cdc_MathSupport_coshNative 10001000 f   e_cosh.obj
 0001:00000150       _Java_com_sun_javafx_util_cdc_MathSupport_log10Native 10001150 f   e_log10.obj
 0001:00000240       _Java_com_sun_javafx_util_cdc_MathSupport_sinhNative 10001240 f   e_sinh.obj
 0001:00000390       _Java_com_sun_javafx_util_cdc_MathSupport_cbrtNative 10001390 f   s_cbrt.obj
 0001:00000550       _expm1                     10001550 f   s_expm1.obj
 0001:000008b0       _Java_com_sun_javafx_util_cdc_MathSupport_tanhNative 100018b0 f   s_tanh.obj
 0001:00000970       __ftol2                    10001970 f   MSVCRT:ftol2.obj
 0001:000009e5       __CRT_INIT@12              100019e5 f   MSVCRT:crtdll.obj
 0001:00000aa3       __DllMainCRTStartup@12     10001aa3 f   MSVCRT:crtdll.obj
 0001:00000b88       __initterm                 10001b88 f   MSVCRT:MSVCR71.dll
 0001:00000b8e       __onexit                   10001b8e f   MSVCRT:atonexit.obj
 0001:00000bb4       _atexit                    10001bb4 f   MSVCRT:atonexit.obj
 0001:00000bc6       __RTC_Initialize           10001bc6 f   MSVCRT:initsect.obj
 0001:00000c0a       __RTC_Terminate            10001c0a f   MSVCRT:initsect.obj
 0001:00000c4e       ___CppXcptFilter           10001c4e f   MSVCRT:MSVCR71.dll
 0001:00000c54       _DllMain@12                10001c54 f   MSVCRT:dllmain.obj
 0001:00000c74       __SEH_prolog               10001c74 f   MSVCRT:sehprolg.obj
 0001:00000caf       __SEH_epilog               10001caf f   MSVCRT:sehprolg.obj
 0001:00000cc0       __except_handler3          10001cc0 f   MSVCRT:MSVCR71.dll
 0001:00000cc6       ___dllonexit               10001cc6 f   MSVCRT:MSVCR71.dll
 0002:00000000       __imp__DisableThreadLibraryCalls@4 10002000     kernel32:KERNEL32.dll
 0002:00000004       \177KERNEL32_NULL_THUNK_DATA 10002004     kernel32:KERNEL32.dll
 0002:00000008       __imp___adjust_fdiv        10002008     MSVCRT:MSVCR71.dll
 0002:0000000c       __imp____CppXcptFilter     1000200c     MSVCRT:MSVCR71.dll
 0002:00000010       __imp___initterm           10002010     MSVCRT:MSVCR71.dll
 0002:00000014       __imp____dllonexit         10002014     MSVCRT:MSVCR71.dll
 0002:00000018       __imp___onexit             10002018     MSVCRT:MSVCR71.dll
 0002:0000001c       __imp___except_handler3    1000201c     MSVCRT:MSVCR71.dll
 0002:00000020       __imp__malloc              10002020     MSVCRT:MSVCR71.dll
 0002:00000024       __imp__free                10002024     MSVCRT:MSVCR71.dll
 0002:00000028       \177MSVCR71_NULL_THUNK_DATA 10002028     MSVCRT:MSVCR71.dll
 0002:00000038       __real@bfe0000000000000    10002038     e_sinh.obj
 0002:00000040       __real@3fe0000000000000    10002040     e_sinh.obj
 0002:00000048       __real@3ff0000000000000    10002048     s_cbrt.obj
 0002:00000050       __real@0000000000000000    10002050     s_cbrt.obj
 0002:00000058       __real@c000000000000000    10002058     s_expm1.obj
 0002:00000060       __real@bfd0000000000000    10002060     s_expm1.obj
 0002:00000068       __real@4018000000000000    10002068     s_expm1.obj
 0002:00000070       __real@4008000000000000    10002070     s_expm1.obj
 0002:00000078       __real@bff0000000000000    10002078     s_expm1.obj
 0002:000000b0       __load_config_used         100020b0     MSVCRT:loadcfg.obj
 0002:00000100       ___safe_se_handler_table   10002100     <linker-defined>
 0002:00000104       ___rtc_iaa                 10002104     MSVCRT:initsect.obj
 0002:00000108       ___rtc_izz                 10002108     MSVCRT:initsect.obj
 0002:0000010c       ___rtc_taa                 1000210c     MSVCRT:initsect.obj
 0002:00000110       ___rtc_tzz                 10002110     MSVCRT:initsect.obj
 0002:00000114       __IMPORT_DESCRIPTOR_MSVCR71 10002114     MSVCRT:MSVCR71.dll
 0002:00000128       __IMPORT_DESCRIPTOR_KERNEL32 10002128     kernel32:KERNEL32.dll
 0002:0000013c       __NULL_IMPORT_DESCRIPTOR   1000213c     MSVCRT:MSVCR71.dll
 0003:00000000       ___xc_a                    10003000     MSVCRT:cinitexe.obj
 0003:00000004       ___xc_z                    10003004     MSVCRT:cinitexe.obj
 0003:00000008       ___xi_a                    10003008     MSVCRT:cinitexe.obj
 0003:0000000c       ___xi_z                    1000300c     MSVCRT:cinitexe.obj
 0003:00000100       ___security_cookie         10003100     MSVCRT:seccook.obj
 0003:00000108       __adjust_fdiv              10003108     <common>
 0003:0000010c       ___onexitend               1000310c     <common>
 0003:00000110       ___onexitbegin             10003110     <common>
 0003:00000114       __pRawDllMain              10003114     <common>

 entry point at        0001:00000aa3

 Static symbols

