 javafx-font

 Timestamp is 4c3f47ba (Thu Jul 15 10:39:06 2010)

 Preferred load address is 10000000

 Start         Length     Name                   Class
 0001:00000000 0002f4ccH .text                   CODE
 0002:00000000 000000c4H .idata$5                DATA
 0002:000000c8 00002640H .rdata                  DATA
 0002:00002710 00000004H .rdata$sxdata           DATA
 0002:00002714 00000004H .rtc$IAA                DATA
 0002:00002718 00000004H .rtc$IZZ                DATA
 0002:0000271c 00000004H .rtc$TAA                DATA
 0002:00002720 00000004H .rtc$TZZ                DATA
 0002:00002724 00000064H .idata$2                DATA
 0002:00002788 00000014H .idata$3                DATA
 0002:0000279c 000000c4H .idata$4                DATA
 0002:00002860 00000258H .idata$6                DATA
 0002:00002ac0 00000462H .edata                  DATA
 0003:00000000 00000004H .CRT$XCA                DATA
 0003:00000004 00000004H .CRT$XCZ                DATA
 0003:00000008 00000004H .CRT$XIA                DATA
 0003:0000000c 00000004H .CRT$XIZ                DATA
 0003:00000010 00004364H .data                   DATA
 0003:00004380 00000450H .bss                    DATA

  Address         Publics by Value              Rva+Base     Lib:Object

 0000:00000000       __except_list              00000000     <absolute>
 0000:00000001       ___safe_se_handler_count   00000001     <absolute>
 0000:00009876       __fltused                  00009876     <absolute>
 0000:00009876       __ldused                   00009876     <absolute>
 0001:00000160       _MultiplyDivide            10001160 f   FixMulDiv.obj
 0001:00000190       _MultiplyFract             10001190 f   FixMulDiv.obj
 0001:00000220       _fnt_SVTCA_0               10001220 f   Fnt.obj
 0001:00000260       _fnt_SVTCA_1               10001260 f   Fnt.obj
 0001:000002a0       _fnt_SPVTCA                100012a0 f   Fnt.obj
 0001:00000300       _fnt_SFVTCA                10001300 f   Fnt.obj
 0001:00000360       _fnt_SPVTL                 10001360 f   Fnt.obj
 0001:000004a0       _fnt_SFVTL                 100014a0 f   Fnt.obj
 0001:000005d0       _fnt_SPVFS                 100015d0 f   Fnt.obj
 0001:00000640       _fnt_SFVFS                 10001640 f   Fnt.obj
 0001:000006a0       _fnt_GPV                   100016a0 f   Fnt.obj
 0001:00000700       _fnt_GFV                   10001700 f   Fnt.obj
 0001:00000760       _fnt_SFVTPV                10001760 f   Fnt.obj
 0001:00000780       _fnt_SMD                   10001780 f   Fnt.obj
 0001:000007c0       _fnt_SCVTCI                100017c0 f   Fnt.obj
 0001:00000800       _fnt_SSWCI                 10001800 f   Fnt.obj
 0001:00000840       _fnt_SSW                   10001840 f   Fnt.obj
 0001:00000890       _fnt_SRP0                  10001890 f   Fnt.obj
 0001:000008c0       _fnt_SRP1                  100018c0 f   Fnt.obj
 0001:000008f0       _fnt_SRP2                  100018f0 f   Fnt.obj
 0001:00000920       _fnt_SLOOP                 10001920 f   Fnt.obj
 0001:00000960       _fnt_POP                   10001960 f   Fnt.obj
 0001:00000980       _fnt_SetElementPtr         10001980 f   Fnt.obj
 0001:00000a00       _fnt_SetRoundState         10001a00 f   Fnt.obj
 0001:00000ae0       _fnt_DUP                   10001ae0 f   Fnt.obj
 0001:00000b40       _fnt_CLEAR                 10001b40 f   Fnt.obj
 0001:00000b50       _fnt_SWAP                  10001b50 f   Fnt.obj
 0001:00000bd0       _fnt_DEPTH                 10001bd0 f   Fnt.obj
 0001:00000c20       _fnt_CINDEX                10001c20 f   Fnt.obj
 0001:00000c80       _fnt_MINDEX                10001c80 f   Fnt.obj
 0001:00000d50       _fnt_ROLL                  10001d50 f   Fnt.obj
 0001:00000da0       _fnt_MDAP                  10001da0 f   Fnt.obj
 0001:00000e50       _fnt_MIAP                  10001e50 f   Fnt.obj
 0001:00000fa0       _fnt_IUP                   10001fa0 f   Fnt.obj
 0001:00001520       _fnt_SHP                   10002520 f   Fnt.obj
 0001:00001560       _fnt_SHC                   10002560 f   Fnt.obj
 0001:000016c0       _fnt_SHZ                   100026c0 f   Fnt.obj
 0001:00001880       _fnt_SHPIX                 10002880 f   Fnt.obj
 0001:000018f0       _fnt_IP                    100028f0 f   Fnt.obj
 0001:00001b40       _fnt_MSIRP                 10002b40 f   Fnt.obj
 0001:00001cc0       _fnt_ALIGNRP               10002cc0 f   Fnt.obj
 0001:00001dd0       _fnt_ALIGNPTS              10002dd0 f   Fnt.obj
 0001:00001ee0       _fnt_SCANCTRL              10002ee0 f   Fnt.obj
 0001:00001f30       _fnt_SCANTYPE              10002f30 f   Fnt.obj
 0001:00001fa0       _fnt_INSTCTRL              10002fa0 f   Fnt.obj
 0001:00002160       _fnt_PUSHB                 10003160 f   Fnt.obj
 0001:00002180       _fnt_PUSHB0                10003180 f   Fnt.obj
 0001:000021f0       _fnt_NPUSHB                100031f0 f   Fnt.obj
 0001:00002230       _fnt_PUSHW                 10003230 f   Fnt.obj
 0001:00002250       _fnt_PUSHW0                10003250 f   Fnt.obj
 0001:000022e0       _fnt_NPUSHW                100032e0 f   Fnt.obj
 0001:00002300       _fnt_WS                    10003300 f   Fnt.obj
 0001:00002370       _fnt_RS                    10003370 f   Fnt.obj
 0001:000023f0       _fnt_WCVTP                 100033f0 f   Fnt.obj
 0001:00002480       _fnt_WCVTF                 10003480 f   Fnt.obj
 0001:00002500       _fnt_RCVT                  10003500 f   Fnt.obj
 0001:00002560       _fnt_GC                    10003560 f   Fnt.obj
 0001:00002620       _fnt_SCFS                  10003620 f   Fnt.obj
 0001:000026f0       _fnt_MD                    100036f0 f   Fnt.obj
 0001:00002850       _fnt_MPPEM                 10003850 f   Fnt.obj
 0001:000028a0       _fnt_GETINFO               100038a0 f   Fnt.obj
 0001:00002940       _fnt_GETVARIATION          10003940 f   Fnt.obj
 0001:000029e0       _fnt_GETDATA               100039e0 f   Fnt.obj
 0001:00002aa0       _fnt_FLIPON                10003aa0 f   Fnt.obj
 0001:00002ab0       _fnt_FLIPOFF               10003ab0 f   Fnt.obj
 0001:00002ac0       _fnt_BinaryOperand         10003ac0 f   Fnt.obj
 0001:00002d70       _fnt_UnaryOperand          10003d70 f   Fnt.obj
 0001:00002ea0       _fnt_IF                    10003ea0 f   Fnt.obj
 0001:00002f10       _fnt_ELSE                  10003f10 f   Fnt.obj
 0001:00002f60       _fnt_EIF                   10003f60 f   Fnt.obj
 0001:00002f70       _fnt_JMPR                  10003f70 f   Fnt.obj
 0001:00002fb0       _fnt_JROT                  10003fb0 f   Fnt.obj
 0001:00003020       _fnt_JROF                  10004020 f   Fnt.obj
 0001:00003090       _fnt_ROUND                 10004090 f   Fnt.obj
 0001:00003100       _fnt_NROUND                10004100 f   Fnt.obj
 0001:000031b0       _fnt_MDRP                  100041b0 f   Fnt.obj
 0001:00003430       _fnt_MIRP                  10004430 f   Fnt.obj
 0001:00003720       _fnt_CALL                  10004720 f   Fnt.obj
 0001:000037c0       _fnt_FDEF                  100047c0 f   Fnt.obj
 0001:00003890       _fnt_LOOPCALL              10004890 f   Fnt.obj
 0001:00003a30       _fnt_DELTAP1               10004a30 f   Fnt.obj
 0001:00003a60       _fnt_DELTAP2               10004a60 f   Fnt.obj
 0001:00003a90       _fnt_DELTAP3               10004a90 f   Fnt.obj
 0001:00003ac0       _fnt_DELTAC1               10004ac0 f   Fnt.obj
 0001:00003af0       _fnt_DELTAC2               10004af0 f   Fnt.obj
 0001:00003b20       _fnt_DELTAC3               10004b20 f   Fnt.obj
 0001:00003b50       _fnt_DefaultJumpTable      10004b50 f   FntInit.obj
 0001:00004280       _fnt_SDPVTL                10005280 f   FntRare.obj
 0001:000043f0       _fnt_ISECT                 100053f0 f   FntRare.obj
 0001:000049b0       _fnt_SROUND                100059b0 f   FntRare.obj
 0001:00004a00       _fnt_S45ROUND              10005a00 f   FntRare.obj
 0001:00004a40       _fnt_RAW                   10005a40 f   FntRare.obj
 0001:00004aa0       _fnt_SANGW                 10005aa0 f   FntRare.obj
 0001:00004ac0       _fnt_AA                    10005ac0 f   FntRare.obj
 0001:00004ae0       _fnt_DEBUG                 10005ae0 f   FntRare.obj
 0001:00004b00       _fnt_UTP                   10005b00 f   FntRare.obj
 0001:00004b80       _fnt_SDB                   10005b80 f   FntRare.obj
 0001:00004bc0       _fnt_SDS                   10005bc0 f   FntRare.obj
 0001:00004c00       _fnt_ADJUST                10005c00 f   FntRare.obj
 0001:00004f60       _fnt_FLIPPT                10005f60 f   FntRare.obj
 0001:00005010       _fnt_FLIPRGON              10006010 f   FntRare.obj
 0001:000050e0       _fnt_FLIPRGOFF             100060e0 f   FntRare.obj
 0001:000051b0       _fnt_MPS                   100061b0 f   FntRare.obj
 0001:00005220       _fnt_IDefPatch             10006220 f   FntRare.obj
 0001:00005290       _fnt_IDEF                  10006290 f   FntRare.obj
 0001:00005390       _PostInterpreterError      10006390 f   FntUtilities.obj
 0001:000053a0       _FatalInterpreterError     100063a0 f   FntUtilities.obj
 0001:000053c0       _fnt_Normalize             100063c0 f   FntUtilities.obj
 0001:00005460       _fnt_SkipPushCrap          10006460 f   FntUtilities.obj
 0001:000054d0       _fnt_RoundToDoubleGrid     100064d0 f   FntUtilities.obj
 0001:00005500       _fnt_RoundDownToGrid       10006500 f   FntUtilities.obj
 0001:00005530       _fnt_RoundUpToGrid         10006530 f   FntUtilities.obj
 0001:00005560       _fnt_RoundToGrid           10006560 f   FntUtilities.obj
 0001:00005590       _fnt_RoundToHalfGrid       10006590 f   FntUtilities.obj
 0001:000055d0       _fnt_RoundOff              100065d0 f   FntUtilities.obj
 0001:00005600       _fnt_SuperRound            10006600 f   FntUtilities.obj
 0001:00005660       _fnt_Super45Round          10006660 f   FntUtilities.obj
 0001:00005700       _fnt_MovePoint             10006700 f   FntUtilities.obj
 0001:00005820       _fnt_MoveAPoint            10006820 f   FntUtilities.obj
 0001:000058b0       _fnt_XMovePoint            100068b0 f   FntUtilities.obj
 0001:00005920       _fnt_YMovePoint            10006920 f   FntUtilities.obj
 0001:00005990       _fnt_Project               10006990 f   FntUtilities.obj
 0001:000059d0       _fnt_OldProject            100069d0 f   FntUtilities.obj
 0001:00005a10       _fnt_XProject              10006a10 f   FntUtilities.obj
 0001:00005a20       _fnt_YProject              10006a20 f   FntUtilities.obj
 0001:00005a30       _fnt_GetCVTScale           10006a30 f   FntUtilities.obj
 0001:00005ad0       _fnt_GetCVTEntryFast       10006ad0 f   FntUtilities.obj
 0001:00005b00       _fnt_GetCVTEntrySlow       10006b00 f   FntUtilities.obj
 0001:00005b50       _fnt_GetSingleWidthFast    10006b50 f   FntUtilities.obj
 0001:00005b60       _fnt_GetSingleWidthSlow    10006b60 f   FntUtilities.obj
 0001:00005b80       _fnt_ChangeCvt             10006b80 f   FntUtilities.obj
 0001:00005bc0       _fnt_Check_PF_Proj         10006bc0 f   FntUtilities.obj
 0001:00005bf0       _fnt_ComputeAndCheck_PF_Proj 10006bf0 f   FntUtilities.obj
 0001:00005c60       _fnt_IllegalInstruction    10006c60 f   FntUtilities.obj
 0001:00005c80       _fnt_InnerTraceExecute     10006c80 f   FntUtilities.obj
 0001:00005db0       _fnt_InnerExecute          10006db0 f   FntUtilities.obj
 0001:00005e20       _CorrectUnscaledOutline    10006e20 f   FntUtilities.obj
 0001:00005ee0       _fnt_Execute               10006ee0 f   FntUtilities.obj
 0001:00006020       _GrowStackForPush          10007020 f   FntUtilities.obj
 0001:00006030       _ShortFracMul              10007030 f   FontMath.obj
 0001:000060a0       _ShortMulDiv               100070a0 f   FontMath.obj
 0001:000060c0       _ShortFracDot              100070c0 f   FontMath.obj
 0001:000060e0       _ShortFracDivide           100070e0 f   FontMath.obj
 0001:00006120       _Mul26Dot6                 10007120 f   FontMath.obj
 0001:000061c0       _Div26Dot6                 100071c0 f   FontMath.obj
 0001:000062a0       _ComputeElementSizes       100072a0 f   GlyphOutline.obj
 0001:000062d0       _SetElementPointers        100072d0 f   GlyphOutline.obj
 0001:00006500       _TTScalerHintGlyph         10007500 f   HintGlyph.obj
 0001:00006830       _New_fpgmEmptyClass        10007830 f   HintIO.obj
 0001:00006880       _Read_fpgmClass            10007880 f   HintIO.obj
 0001:000068a0       _New_fpgmClass             100078a0 f   HintIO.obj
 0001:00006900       _Delete_fpgmClass          10007900 f   HintIO.obj
 0001:00006930       _New_prepEmptyClass        10007930 f   HintIO.obj
 0001:00006980       _Read_prepClass            10007980 f   HintIO.obj
 0001:000069a0       _New_prepClass             100079a0 f   HintIO.obj
 0001:00006a00       _Delete_prepClass          10007a00 f   HintIO.obj
 0001:00006a30       _New_cvtEmptyClass         10007a30 f   HintIO.obj
 0001:00006a60       _Read_cvtClass             10007a60 f   HintIO.obj
 0001:00006a90       _New_cvtClass              10007a90 f   HintIO.obj
 0001:00006af0       _Delete_cvtClass           10007af0 f   HintIO.obj
 0001:00006b20       _fs_ContourScan3           10007b20 f   HintScan.obj
 0001:00006c50       _fs_FindBitMapSize4        10007c50 f   HintScan.obj
 0001:00006ce0       _fs_CalculateBounds        10007ce0 f   HintScan.obj
 0001:00007000       _TTScalerTTHintTran        10008000 f   HintTran.obj
 0001:000072c0       _TTScalerTTHintTranDefault 100082c0 f   HintTran.obj
 0001:00007330       _TTScalerCloseTransform    10008330 f   HintTran.obj
 0001:00007350       _InitTTHintTranForT2K      10008350 f   HintTran.obj
 0001:00007380       _NewTTHintTranForT2K       10008380 f   HintTran.obj
 0001:000073c0       _ReleaseTTHintTranForT2K   100083c0 f   HintTran.obj
 0001:00007430       _PrepareTheCVT             10008430 f   InterpreterGlue.obj
 0001:000074d0       _SetGlobalGSDefaults       100084d0 f   InterpreterGlue.obj
 0001:00007520       _SetGlobalGSMapping        10008520 f   InterpreterGlue.obj
 0001:00007610       _RunFontProgram            10008610 f   InterpreterGlue.obj
 0001:000076b0       _RunPreProgram             100086b0 f   InterpreterGlue.obj
 0001:00007800       _RunGlyphProgram           10008800 f   InterpreterGlue.obj
 0001:000078d0       _SetOrientBlock            100088d0 f   Orient.obj
 0001:00008a00       _FindNonZeroWindingCounts  10009a00 f   Orient.obj
 0001:00008b80       _BadOrientationState       10009b80 f   OrientDB.obj
 0001:00008bf0       _InitContourData           10009bf0 f   OrientDB.obj
 0001:00008c40       _InitContourDataEmpty      10009c40 f   OrientDB.obj
 0001:00008c60       _InitializeDefaultContourData 10009c60 f   OrientDB.obj
 0001:00008c90       _VerifyContourUsage        10009c90 f   OrientDB.obj
 0001:00008ca0       _ReleaseContourData        10009ca0 f   OrientDB.obj
 0001:00008cd0       _SetContourDataSet         10009cd0 f   OrientDB.obj
 0001:00008d10       _SetContourDataSetQuick    10009d10 f   OrientDB.obj
 0001:00008d50       _GetContourDataSet         10009d50 f   OrientDB.obj
 0001:00008db0       _GetContourDataSetQuick    10009db0 f   OrientDB.obj
 0001:00008e10       _FlipContourDataList       10009e10 f   OrientDB.obj
 0001:00008ec0       _FractDivide               10009ec0 f   PinkGlue.obj
 0001:00008ee0       _FractMultiply             10009ee0 f   PinkGlue.obj
 0001:00008ef0       _FixedDivide               10009ef0 f   PinkGlue.obj
 0001:00008f10       _FixedMultiply             10009f10 f   PinkGlue.obj
 0001:00008f60       _FixedMultiplyRound        10009f60 f   PinkGlue.obj
 0001:00008fa0       _Magnitude                 10009fa0 f   PinkGlue.obj
 0001:00008fc0       _RandomBits                10009fc0 f   PinkGlue.obj
 0001:00008fd0       _CopyToMapping             10009fd0 f   PinkGlue.obj
 0001:00009010       _convertFixedMatrixToTGraf 1000a010 f   PinkGlue.obj
 0001:00009090       _convertTGrafMatrixToFixed 1000a090 f   PinkGlue.obj
 0001:00009140       _concatTGrafMatrices       1000a140 f   PinkGlue.obj
 0001:00009190       _MapMapping                1000a190 f   PinkGlue.obj
 0001:000091f0       _TransformPoint            1000a1f0 f   PinkGlue.obj
 0001:00009250       _ResetMapping              1000a250 f   PinkGlue.obj
 0001:00009290       _MapPoints                 1000a290 f   PinkGlue.obj
 0001:00009350       _GetTGrafMapType           1000a350 f   PinkGlue.obj
 0001:00009420       _GetGXMapType              1000a420 f   PinkGlue.obj
 0001:00009440       _MxFlags                   1000a440 f   PinkGlue.obj
 0001:000094c0       _MxMul                     1000a4c0 f   PinkGlue.obj
 0001:000094e0       _CopyBytes                 1000a4e0 f   PinkGlue.obj
 0001:00009500       _FillBytes                 1000a500 f   PinkGlue.obj
 0001:00009530       _MoveBytes                 1000a530 f   PinkGlue.obj
 0001:00009550       _GetPerFontMemoryAllocator 1000a550 f   TTHintFont.obj
 0001:00009560       _GetPerFontMemory          1000a560 f   TTHintFont.obj
 0001:00009570       _ReleasePerFontMemory      1000a570 f   TTHintFont.obj
 0001:000095e0       _InitTheKeyByScaler        1000a5e0 f   TTHintFont.obj
 0001:00009610       _InitTheKeyByFont          1000a610 f   TTHintFont.obj
 0001:00009650       _InitTheKeyByVary          1000a650 f   TTHintFont.obj
 0001:000096a0       _InitTheKeyByTrans         1000a6a0 f   TTHintFont.obj
 0001:00009730       _GetSFNTClassFromPerFont   1000a730 f   TTHintFont.obj
 0001:00009740       _GetMemObjectFromPerFont   1000a740 f   TTHintFont.obj
 0001:00009750       _GetT2KFromPerFont         1000a750 f   TTHintFont.obj
 0001:00009760       _NewTTSHintcalerFont       1000a760 f   TTHintFont.obj
 0001:000099d0       _TTScalerCloseFont         1000a9d0 f   TTHintFont.obj
 0001:000099f0       _TTScalerNewVariation1Dot1 1000a9f0 f   TTHintFont.obj
 0001:00009a10       _TTScalerNewVariationDefault 1000aa10 f   TTHintFont.obj
 0001:00009a30       _TTScalerCloseVary         1000aa30 f   TTHintFont.obj
 0001:00009a40       _NewTTHintFontForT2K       1000aa40 f   TTHintFont.obj
 0001:00009a80       _ReleaseTTHintFontForT2K   1000aa80 f   TTHintFont.obj
 0001:00009ab0       _ag_Abs16                  1000aab0 f   autogrid.obj
 0001:00009b30       _ag_Height                 1000ab30 f   autogrid.obj
 0001:0000b2e0       _ag_ADJUST                 1000c2e0 f   autogrid.obj
 0001:0000b420       _ag_ADJUSTSPACING          1000c420 f   autogrid.obj
 0001:0000b520       _ag_INIT_STORE             1000c520 f   autogrid.obj
 0001:0000b550       _ag_ASSURE_AT_LEAST_EQUAL  1000c550 f   autogrid.obj
 0001:0000b580       _ag_ASSURE_AT_MOST_EQUAL   1000c580 f   autogrid.obj
 0001:0000b5b0       _ag_ASSURE_AT_MOST_EQUAL2  1000c5b0 f   autogrid.obj
 0001:0000b600       _ag_ModifyHeightGoal       1000c600 f   autogrid.obj
 0001:0000b640       _ag_ModifyWeightGoal       1000c640 f   autogrid.obj
 0001:0000b670       _ag_SVTCA_X                1000c670 f   autogrid.obj
 0001:0000b680       _ag_SVTCA_Y                1000c680 f   autogrid.obj
 0001:0000b690       _ag_MDRPX                  1000c690 f   autogrid.obj
 0001:0000b750       _ag_MDRPY                  1000c750 f   autogrid.obj
 0001:0000b810       _ag_MDAPX                  1000c810 f   autogrid.obj
 0001:0000b830       _ag_MDAPY                  1000c830 f   autogrid.obj
 0001:0000b850       _ag_MIAPX                  1000c850 f   autogrid.obj
 0001:0000b8b0       _ag_MIAPY                  1000c8b0 f   autogrid.obj
 0001:0000b910       _ag_IPPointX               1000c910 f   autogrid.obj
 0001:0000b960       _ag_IPPointY               1000c960 f   autogrid.obj
 0001:0000b9b0       _ag_XSmooth                1000c9b0 f   autogrid.obj
 0001:0000bb90       _ag_YSmooth                1000cb90 f   autogrid.obj
 0001:0000bd70       _ag_MoveDirectRelativePointInPositiveDirection 1000cd70 f   autogrid.obj
 0001:0000bdb0       _ag_MoveDirectRelativePointInNegativeDirection 1000cdb0 f   autogrid.obj
 0001:0000bdf0       _ag_BiDirectionalLink      1000cdf0 f   autogrid.obj
 0001:0000bec0       _ag_BiDirectionalLinkWithCvt 1000cec0 f   autogrid.obj
 0001:0000bef0       _ag_GetCvtNumber           1000cef0 f   autogrid.obj
 0001:0000c1f0       _ag_GetXMaxCvtVal          1000d1f0 f   autogrid.obj
 0001:0000c260       _ag_GetYMaxCvtVal          1000d260 f   autogrid.obj
 0001:0000cd20       _ag_GetHintMaxInfo         1000dd20 f   autogrid.obj
 0001:0000cd70       _ag_HintEnd                1000dd70 f   autogrid.obj
 0001:0000ce10       _ag_SetHintInfo            1000de10 f   autogrid.obj
 0001:0000cea0       _ag_SetScale               1000dea0 f   autogrid.obj
 0001:0000cef0       _ag_AutoFindStems          1000def0 f   autogrid.obj
 0001:0000cf40       _ag_AutoGridOutline        1000df40 f   autogrid.obj
 0001:0000d010       _ag_LINK                   1000e010 f   autogrid.obj
 0001:0000d0c0       _AG_CHECK_AND_TWEAK        1000e0c0 f   autogrid.obj
 0001:0000d1d0       _ag_HintInit               1000e1d0 f   autogrid.obj
 0001:0000d3b0       _Java_com_sun_t2k_T2KFontFactory_getFontPath 1000e3b0 f   fontpath.obj
 0001:0000d970       _Java_com_sun_t2k_T2KFontFactory_populateFontFileNameMap 1000e970 f   fontpath.obj
 0001:0000dd30       _ReadGHints                1000ed30 f   ghints.obj
 0001:0000deb0       _ComputeGlobalHints        1000eeb0 f   ghints.obj
 0001:0000e6b0       _ReadDeltaXYValue          1000f6b0 f   glyph.obj
 0001:0000ec90       _TEST_T2K_GLYPH            1000fc90 f   glyph.obj
 0001:0000ed10       _glyph_CloseContour        1000fd10 f   glyph.obj
 0001:0000ede0       _glyph_AddDummyStemFrame   1000fde0 f   glyph.obj
 0001:0000f060       _glyph_AddHStems           10010060 f   glyph.obj
 0001:0000f130       _glyph_AddVStems           10010130 f   glyph.obj
 0001:0000f1f0       _glyph_NewStemFrame        100101f0 f   glyph.obj
 0001:0000f200       _glyph_AddHStem            10010200 f   glyph.obj
 0001:0000f3a0       _glyph_AddVStem            100103a0 f   glyph.obj
 0001:0000f550       _glyph_markDotsection      10010550 f   glyph.obj
 0001:0000f560       _glyph_AddPoint            10010560 f   glyph.obj
 0001:0000f660       _glyph_StartLine           10010660 f   glyph.obj
 0001:0000f6a0       _New_EmptyGlyph            100106a0 f   glyph.obj
 0001:0000f740       _New_GlyphClassT2K         10010740 f   glyph.obj
 0001:0000fad0       _FlipContourDirectionShort 10010ad0 f   glyph.obj
 0001:0000fbd0       _ReverseContourDirectionDirect 10010bd0 f   glyph.obj
 0001:0000fcb0       _ReverseContourDirection   10010cb0 f   glyph.obj
 0001:0000fe00       _Delete_GlyphClass         10010e00 f   glyph.obj
 0001:0000ff20       _glyph_AddToStemFrame      10010f20 f   glyph.obj
 0001:0000ffb0       _Add_GlyphClass            10010fb0 f   glyph.obj
 0001:00010850       _ag_DoGlyphProgram97       10011850 f   hstrat97.obj
 0001:00015540       _sc_FindExtrema4           10016540 f   sc.obj
 0001:00016290       _sc_ScanChar2              10017290 f   sc.obj
 0001:00017050       _Java_com_sun_t2k_T2KFontFile_initNativeIDs 10018050 f   scalerMethods.obj
 0001:000170c0       _isNullScalerContext       100180c0 f   scalerMethods.obj
 0001:000170d0       _t2kMagnitude              100180d0 f   scalerMethods.obj
 0001:00017260       _t2kFracMul                10018260 f   scalerMethods.obj
 0001:000172e0       _t2kFracDiv                100182e0 f   scalerMethods.obj
 0001:00017390       _Java_com_sun_t2k_T2KFontFile_createScalerContextNative 10018390 f   scalerMethods.obj
 0001:00017740       _freeScalerInfoAfterError  10018740 f   scalerMethods.obj
 0001:00017780       _Java_com_sun_t2k_T2KFontFile_disposeNativeScaler 10018780 f   scalerMethods.obj
 0001:00017820       _Java_com_sun_t2k_T2KFontFile_initNativeScaler 10018820 f   scalerMethods.obj
 0001:00017c30       _Java_com_sun_t2k_T2KFontFile_getGlyphInfo 10018c30 f   scalerMethods.obj
 0001:00017ca0       _Java_com_sun_t2k_T2KFontFile_getGlyphAdvance 10018ca0 f   scalerMethods.obj
 0001:00017cb0       _Java_com_sun_t2k_T2KFontFile_freeGlyph 10018cb0 f   scalerMethods.obj
 0001:00017cc0       _Java_com_sun_t2k_T2KFontFile_getGlyphPixelData 10018cc0 f   scalerMethods.obj
 0001:000186b0       _setupT2KContext           100196b0 f   scalerMethods.obj
 0001:00018740       _Java_com_sun_t2k_T2KFontFile_getGlyphAdvanceNative 10019740 f   scalerMethods.obj
 0001:00018870       _Java_com_sun_t2k_T2KFontFile_getGlyphImageNative 10019870 f   scalerMethods.obj
 0001:00018da0       _Java_com_sun_t2k_T2KFontFile_getFontMetricsNative 10019da0 f   scalerMethods.obj
 0001:00018f80       _Java_com_sun_t2k_T2KFontFile_getNumGlyphsNative 10019f80 f   scalerMethods.obj
 0001:00018fb0       _Java_com_sun_t2k_T2KFontFile_getMissingGlyphCodeNative 10019fb0 f   scalerMethods.obj
 0001:00018fd0       _Java_com_sun_t2k_T2KFontFile_getGlyphCodeNative 10019fd0 f   scalerMethods.obj
 0001:00019060       _tsi_SHAPET_BOLD_METRICS   1001a060 f   shapet.obj
 0001:000192a0       _tsi_SHAPET_Italic_GLYPH_Hinted 1001a2a0 f   shapet.obj
 0001:00019490       _FindContourOrientation    1001a490 f   shapet.obj
 0001:000195f0       _FindContourOrientationShort 1001a5f0 f   shapet.obj
 0001:00019750       _AccumulateGlyphContours   1001a750 f   shapet.obj
 0001:00019830       _tsi_SHAPET_BOLD_GLYPH_Hinted 1001a830 f   shapet.obj
 0001:00019e50       _tsi_SHAPET_BoldItalic_GLYPH_Hinted 1001ae50 f   shapet.obj
 0001:0001a130       _ExtractPureT1FromPCType1  1001b130 f   t1.obj
 0001:0001aa60       _hashUnicodeValue          1001ba60 f   t1.obj
 0001:0001aa80       _tsi_T1AddUnicodeToGIMapping 1001ba80 f   t1.obj
 0001:0001ab50       _tsi_T1GetGlyphIndex       1001bb50 f   t1.obj
 0001:0001b690       _tsi_T1GetGlyphByIndex     1001c690 f   t1.obj
 0001:0001b780       _tsi_T1GetGlyphByCharCode  1001c780 f   t1.obj
 0001:0001b7f0       _tsi_T1GetParam            1001c7f0 f   t1.obj
 0001:0001b820       _tsi_T1GetFixedParam       1001c820 f   t1.obj
 0001:0001c310       _tsi_DeAllocChainedList    1001d310 f   t1.obj
 0001:0001c330       _tsi_DeleteT1Class         1001d330 f   t1.obj
 0001:00020350       _tsi_T2GetGlyphIndex       10021350 f   t1.obj
 0001:00020dc0       _tsi_DeleteCFFClass        10021dc0 f   t1.obj
 0001:00020ee0       _tsi_T2GetGlyphByIndex     10021ee0 f   t1.obj
 0001:00021040       _tsi_T2GetGlyphByCharCode  10022040 f   t1.obj
 0001:00021070       _tsi_NewT1Class            10022070 f   t1.obj
 0001:00021430       _tsi_NewCFFClass           10022430 f   t1.obj
 0001:000219e0       _get_recommendedStemLength 100229e0 f   t1hint.obj
 0001:00021a00       _get_recommendedHStemLength 10022a00 f   t1hint.obj
 0001:00021b50       _get_recommendedVStemLength 10022b50 f   t1hint.obj
 0001:000229b0       _Type1HintGlyph            100239b0 f   t1hint.obj
 0001:000229e0       _NewT2K                    100239e0 f   t2k.obj
 0001:00022e90       _T2K_TransformXFunits      10023e90 f   t2k.obj
 0001:00022f20       _T2K_TransformYFunits      10023f20 f   t2k.obj
 0001:00023170       _T2K_PurgeMemory           10024170 f   t2k.obj
 0001:00023400       _ExtractUnitVectors        10024400 f   t2k.obj
 0001:00023430       _ApplyPostStyle            10024430 f   t2k.obj
 0001:00024420       _T2K_GetNumAxes            10025420 f   t2k.obj
 0001:00024470       _T2K_GetAxisGranularity    10025470 f   t2k.obj
 0001:000244d0       _T2K_GetCoordinate         100254d0 f   t2k.obj
 0001:00024530       _T2K_SetCoordinate         10025530 f   t2k.obj
 0001:00024590       _T2K_GlyphSbitsExists      10025590 f   t2k.obj
 0001:000255f0       _DeleteT2K                 100265f0 f   t2k.obj
 0001:00025730       _T2K_GetGlyphIndex         10026730 f   t2k.obj
 0001:00025760       _T2K_MeasureTextInX        10026760 f   t2k.obj
 0001:000258e0       _T2K_GetIdealLineWidth     100268e0 f   t2k.obj
 0001:00025960       _T2K_LayoutString          10026960 f   t2k.obj
 0001:00025c10       _T2K_NewTransformation     10026c10 f   t2k.obj
 0001:00026320       _T2K_RenderGlyph           10027320 f   t2k.obj
 0001:00026a10       _New_blocClass             10027a10 f   t2ksbit.obj
 0001:00026ad0       _Delete_blocClass          10027ad0 f   t2ksbit.obj
 0001:00026b40       _New_ebscClass             10027b40 f   t2ksbit.obj
 0001:00026f60       _Delete_ebscClass          10027f60 f   t2ksbit.obj
 0001:00027870       _GetFontWideSbitMetrics    10028870 f   t2ksbit.obj
 0001:00027c30       _FindGlyph_blocClass       10028c30 f   t2ksbit.obj
 0001:00028a40       _ExtractBitMap_blocClass   10029a40 f   t2ksbit.obj
 0001:0002a0f0       _tsi_NewScanConv           1002b0f0 f   t2ksc.obj
 0001:0002a1b0       _MakeGreyscaleBits         1002b1b0 f   t2ksc.obj
 0001:0002a5b0       _tsi_DeleteScanConv        1002b5b0 f   t2ksc.obj
 0001:0002a5f0       _MakeBWBits                1002b5f0 f   t2ksc.obj
 0001:0002a790       _PreLoadT2KInputStream     1002b790 f   t2kstrm.obj
 0001:0002a7e0       _PrimeT2KInputStream       1002b7e0 f   t2kstrm.obj
 0001:0002a820       _ReadInt32                 1002b820 f   t2kstrm.obj
 0001:0002a8d0       _ReadInt16                 1002b8d0 f   t2kstrm.obj
 0001:0002a960       _ReadSegment               1002b960 f   t2kstrm.obj
 0001:0002a9e0       _SizeInStream              1002b9e0 f   t2kstrm.obj
 0001:0002aa00       _GetEntireStreamIntoMemory 1002ba00 f   t2kstrm.obj
 0001:0002aa50       _New_InputStream           1002ba50 f   t2kstrm.obj
 0001:0002aaf0       _New_InputStream2          1002baf0 f   t2kstrm.obj
 0001:0002aba0       _New_InputStream3          1002bba0 f   t2kstrm.obj
 0001:0002ac40       _New_NonRamInputStream     1002bc40 f   t2kstrm.obj
 0001:0002ace0       _Rewind_InputStream        1002bce0 f   t2kstrm.obj
 0001:0002ad10       _Seek_InputStream          1002bd10 f   t2kstrm.obj
 0001:0002ad40       _Tell_InputStream          1002bd40 f   t2kstrm.obj
 0001:0002ad60       _Delete_InputStream        1002bd60 f   t2kstrm.obj
 0001:0002ade0       _ReadUnsignedNumber        1002bde0 f   t2kstrm.obj
 0001:0002b630       _New_hmtxEmptyClass        1002c630 f   truetype.obj
 0001:0002b830       _Delete_hmtxClass          1002c830 f   truetype.obj
 0001:0002c460       _GetTableDirEntry_sfntClass 1002d460 f   truetype.obj
 0001:0002c4a0       _GetStreamForTable         1002d4a0 f   truetype.obj
 0001:0002c4f0       _GetNumGlyphs_sfntClass    1002d4f0 f   truetype.obj
 0001:0002c550       _GetGlyphByIndex           1002d550 f   truetype.obj
 0001:0002c780       _GetSfntClassGlyphIndex    1002d780 f   truetype.obj
 0001:0002c7c0       _IsFigure                  1002d7c0 f   truetype.obj
 0001:0002c820       _GetGlyphByCharCode        1002d820 f   truetype.obj
 0001:0002c890       _GetUPEM                   1002d890 f   truetype.obj
 0001:0002c8f0       _GetMaxPoints              1002d8f0 f   truetype.obj
 0001:0002c980       _GetFontWideOutlineMetrics 1002d980 f   truetype.obj
 0001:0002cd20       _Purge_cmapMemory          1002dd20 f   truetype.obj
 0001:0002cd40       _Delete_sfntClass          1002dd40 f   truetype.obj
 0001:0002cf20       _t2k_SetHmtx               1002df20 f   truetype.obj
 0001:0002d060       _t2k_SetStyling            1002e060 f   truetype.obj
 0001:0002d6a0       _New_sfntClassLogical      1002e6a0 f   truetype.obj
 0001:0002d8d0       _tsi_Error                 1002e8d0 f   tsimem.obj
 0001:0002d8f0       _tsi_NewMemhandler         1002e8f0 f   tsimem.obj
 0001:0002d9b0       _tsi_DeleteMemhandler      1002e9b0 f   tsimem.obj
 0001:0002da10       _tsi_EmergencyShutDown     1002ea10 f   tsimem.obj
 0001:0002da60       _tsi_AllocMem              1002ea60 f   tsimem.obj
 0001:0002db10       _tsi_ReAllocMem            1002eb10 f   tsimem.obj
 0001:0002dc00       _tsi_DeAllocMem            1002ec00 f   tsimem.obj
 0001:0002dcc0       _tsi_AllocArray            1002ecc0 f   tsimem.obj
 0001:0002dd10       _tsi_ReAllocArray          1002ed10 f   tsimem.obj
 0001:0002dd60       _ReadFileIntoMemory        1002ed60 f   util.obj
 0001:0002deb0       _util_SortShortArray       1002eeb0 f   util.obj
 0001:0002df00       _util_FixMul               1002ef00 f   util.obj
 0001:0002df70       _util_FixDiv               1002ef70 f   util.obj
 0001:0002dfd0       _util_FixSin               1002efd0 f   util.obj
 0001:0002e070       _util_EuclidianDistance    1002f070 f   util.obj
 0001:0002e130       ?NewObject@JNIEnv_@@QAAPAV_jobject@@PAV_jclass@@PAU_jmethodID@@ZZ 1002f130 f i GeneralPath.obj
 0001:0002e150       ??0GeneralPath@@QAE@J@Z    1002f150 f   GeneralPath.obj
 0001:0002e1a0       ??1GeneralPath@@QAE@XZ     1002f1a0 f   GeneralPath.obj
 0001:0002e1e0       ?needRoom@GeneralPath@@QAEEJJ@Z 1002f1e0 f   GeneralPath.obj
 0001:0002e260       ?getShape@GeneralPath@@QAEPAV_jobject@@PAUJNIEnv_@@@Z 1002f260 f   GeneralPath.obj
 0001:0002e2f0       ?getBounds@GeneralPath@@QAEPAV_jobject@@PAUJNIEnv_@@@Z 1002f2f0 f   GeneralPath.obj
 0001:0002e550       ?addGlyphToGeneralPath@@YAXABUGlyphClass@@AAUGeneralPath@@MM_N@Z 1002f550 f   GeneralPath.obj
 0001:0002eef0       _Java_com_sun_t2k_T2KFontFile_getGlyphOutline 1002fef0 f   GeneralPath.obj
 0001:0002efa0       _Java_com_sun_t2k_T2KFontFile_getGlyphBounds 1002ffa0 f   GeneralPath.obj
 0001:0002f050       ?nextContour@Walker@@QAE_NXZ 10030050 f i GeneralPath.obj
 0001:0002f0b0       ?curveTo@GeneralPath@@QAEXMMMMMM@Z 100300b0 f i GeneralPath.obj
 0001:0002f15e       __setjmp3                  1003015e f   MSVCRT:MSVCR71.dll
 0001:0002f170       __ftol2                    10030170 f   MSVCRT:ftol2.obj
 0001:0002f1e5       __CRT_INIT@12              100301e5 f   MSVCRT:crtdll.obj
 0001:0002f2a3       __DllMainCRTStartup@12     100302a3 f   MSVCRT:crtdll.obj
 0001:0002f388       __initterm                 10030388 f   MSVCRT:MSVCR71.dll
 0001:0002f38e       __onexit                   1003038e f   MSVCRT:atonexit.obj
 0001:0002f3b4       _atexit                    100303b4 f   MSVCRT:atonexit.obj
 0001:0002f3c6       __RTC_Initialize           100303c6 f   MSVCRT:initsect.obj
 0001:0002f40a       __RTC_Terminate            1003040a f   MSVCRT:initsect.obj
 0001:0002f44e       ___CppXcptFilter           1003044e f   MSVCRT:MSVCR71.dll
 0001:0002f454       _DllMain@12                10030454 f   MSVCRT:dllmain.obj
 0001:0002f474       __SEH_prolog               10030474 f   MSVCRT:sehprolg.obj
 0001:0002f4af       __SEH_epilog               100304af f   MSVCRT:sehprolg.obj
 0001:0002f4c0       __except_handler3          100304c0 f   MSVCRT:MSVCR71.dll
 0001:0002f4c6       ___dllonexit               100304c6 f   MSVCRT:MSVCR71.dll
 0002:00000000       __imp__RegEnumValueW@32    10031000     advapi32:ADVAPI32.dll
 0002:00000004       __imp__RegQueryInfoKeyW@48 10031004     advapi32:ADVAPI32.dll
 0002:00000008       __imp__RegOpenKeyExA@20    10031008     advapi32:ADVAPI32.dll
 0002:0000000c       __imp__RegCloseKey@4       1003100c     advapi32:ADVAPI32.dll
 0002:00000010       \177ADVAPI32_NULL_THUNK_DATA 10031010     advapi32:ADVAPI32.dll
 0002:00000014       __imp__EnumFontFamiliesExW@20 10031014     gdi32:GDI32.dll
 0002:00000018       \177GDI32_NULL_THUNK_DATA  10031018     gdi32:GDI32.dll
 0002:0000001c       __imp__DisableThreadLibraryCalls@4 1003101c     kernel32:KERNEL32.dll
 0002:00000020       __imp__GetSystemDirectoryA@8 10031020     kernel32:KERNEL32.dll
 0002:00000024       __imp__GetWindowsDirectoryA@8 10031024     kernel32:KERNEL32.dll
 0002:00000028       \177KERNEL32_NULL_THUNK_DATA 10031028     kernel32:KERNEL32.dll
 0002:0000002c       __imp___assert             1003102c     MSVCRT:MSVCR71.dll
 0002:00000030       __imp__ceil                10031030     MSVCRT:MSVCR71.dll
 0002:00000034       __imp__floor               10031034     MSVCRT:MSVCR71.dll
 0002:00000038       __imp__memmove             10031038     MSVCRT:MSVCR71.dll
 0002:0000003c       __imp__strrchr             1003103c     MSVCRT:MSVCR71.dll
 0002:00000040       __imp__wcscmp              10031040     MSVCRT:MSVCR71.dll
 0002:00000044       __imp__wcscpy              10031044     MSVCRT:MSVCR71.dll
 0002:00000048       __imp__wcslen              10031048     MSVCRT:MSVCR71.dll
 0002:0000004c       __imp__wcsstr              1003104c     MSVCRT:MSVCR71.dll
 0002:00000050       __imp__wcsrchr             10031050     MSVCRT:MSVCR71.dll
 0002:00000054       __imp__calloc              10031054     MSVCRT:MSVCR71.dll
 0002:00000058       __imp___setjmp3            10031058     MSVCRT:MSVCR71.dll
 0002:0000005c       __imp__malloc              1003105c     MSVCRT:MSVCR71.dll
 0002:00000060       __imp__strtoul             10031060     MSVCRT:MSVCR71.dll
 0002:00000064       __imp__toupper             10031064     MSVCRT:MSVCR71.dll
 0002:00000068       __imp__strncmp             10031068     MSVCRT:MSVCR71.dll
 0002:0000006c       __imp__realloc             1003106c     MSVCRT:MSVCR71.dll
 0002:00000070       __imp__fclose              10031070     MSVCRT:MSVCR71.dll
 0002:00000074       __imp__fread               10031074     MSVCRT:MSVCR71.dll
 0002:00000078       __imp__ftell               10031078     MSVCRT:MSVCR71.dll
 0002:0000007c       __imp__fseek               1003107c     MSVCRT:MSVCR71.dll
 0002:00000080       __imp__fopen               10031080     MSVCRT:MSVCR71.dll
 0002:00000084       __imp___initterm           10031084     MSVCRT:MSVCR71.dll
 0002:00000088       __imp___adjust_fdiv        10031088     MSVCRT:MSVCR71.dll
 0002:0000008c       __imp____CppXcptFilter     1003108c     MSVCRT:MSVCR71.dll
 0002:00000090       __imp___except_handler3    10031090     MSVCRT:MSVCR71.dll
 0002:00000094       __imp____dllonexit         10031094     MSVCRT:MSVCR71.dll
 0002:00000098       __imp___onexit             10031098     MSVCRT:MSVCR71.dll
 0002:0000009c       __imp__longjmp             1003109c     MSVCRT:MSVCR71.dll
 0002:000000a0       __imp___read               100310a0     MSVCRT:MSVCR71.dll
 0002:000000a0       __imp__read                100310a0     MSVCRT:MSVCR71.dll
 0002:000000a4       __imp___lseek              100310a4     MSVCRT:MSVCR71.dll
 0002:000000a4       __imp__lseek               100310a4     MSVCRT:MSVCR71.dll
 0002:000000a8       __imp__free                100310a8     MSVCRT:MSVCR71.dll
 0002:000000ac       __imp___stricmp            100310ac     MSVCRT:MSVCR71.dll
 0002:000000ac       __imp__stricmp             100310ac     MSVCRT:MSVCR71.dll
 0002:000000b0       __imp___wcsicmp            100310b0     MSVCRT:MSVCR71.dll
 0002:000000b0       __imp__wcsicmp             100310b0     MSVCRT:MSVCR71.dll
 0002:000000b4       __imp__open                100310b4     MSVCRT:MSVCR71.dll
 0002:000000b4       __imp___open               100310b4     MSVCRT:MSVCR71.dll
 0002:000000b8       \177MSVCR71_NULL_THUNK_DATA 100310b8     MSVCRT:MSVCR71.dll
 0002:000000bc       __imp__GetDC@4             100310bc     user32:USER32.dll
 0002:000000c0       \177USER32_NULL_THUNK_DATA 100310c0     user32:USER32.dll
 0002:000000c8       __real@3fc0000000000000    100310c8     Orient.obj
 0002:000000d0       __real@3fd0000000000000    100310d0     Orient.obj
 0002:000000d8       __real@3fe0000000000000    100310d8     Orient.obj
 0002:000000e0       __real@4020000000000000    100310e0     Orient.obj
 0002:000000e8       __real@0000000000000000    100310e8     Orient.obj
 0002:000000f0       __real@3ff0000000000000    100310f0     Orient.obj
 0002:000000f8       _dFixed1                   100310f8     PinkGlue.obj
 0002:00000100       _dFract1                   10031100     PinkGlue.obj
 0002:00000108       _rFixed1                   10031108     PinkGlue.obj
 0002:00000110       _rFract1                   10031110     PinkGlue.obj
 0002:0000017c       __real@c7800000            1003117c     scalerMethods.obj
 0002:00000180       __real@3ef0000000000000    10031180     scalerMethods.obj
 0002:00000188       __real@47800000            10031188     scalerMethods.obj
 0002:0000018c       __real@00000000            1003118c     scalerMethods.obj
 0002:00000190       __real@3f800000            10031190     scalerMethods.obj
 0002:00000198       __real@4000000000000000    10031198     scalerMethods.obj
 0002:000001a0       __real@37800000            100311a0     scalerMethods.obj
 0002:000001a8       __real@40f0000000000000    100311a8     shapet.obj
 0002:000001b0       _c1                        100311b0     t1.obj
 0002:000001b4       _c2                        100311b4     t1.obj
 0002:000024d0       _PSNAME_START_INDEX        100334d0     t1.obj
 0002:0000267c       __real@00000001            1003367c     GeneralPath.obj
 0002:00002680       __real@7f7fffff            10033680     GeneralPath.obj
 0002:00002684       __real@3c800000            10033684     GeneralPath.obj
 0002:00002688       __real@3f000000            10033688     GeneralPath.obj
 0002:000026c0       __load_config_used         100336c0     MSVCRT:loadcfg.obj
 0002:00002710       ___safe_se_handler_table   10033710     <linker-defined>
 0002:00002714       ___rtc_iaa                 10033714     MSVCRT:initsect.obj
 0002:00002718       ___rtc_izz                 10033718     MSVCRT:initsect.obj
 0002:0000271c       ___rtc_taa                 1003371c     MSVCRT:initsect.obj
 0002:00002720       ___rtc_tzz                 10033720     MSVCRT:initsect.obj
 0002:00002724       __IMPORT_DESCRIPTOR_ADVAPI32 10033724     advapi32:ADVAPI32.dll
 0002:00002738       __IMPORT_DESCRIPTOR_GDI32  10033738     gdi32:GDI32.dll
 0002:0000274c       __IMPORT_DESCRIPTOR_USER32 1003374c     user32:USER32.dll
 0002:00002760       __IMPORT_DESCRIPTOR_MSVCR71 10033760     MSVCRT:MSVCR71.dll
 0002:00002774       __IMPORT_DESCRIPTOR_KERNEL32 10033774     kernel32:KERNEL32.dll
 0002:00002788       __NULL_IMPORT_DESCRIPTOR   10033788     advapi32:ADVAPI32.dll
 0003:00000000       ___xc_a                    10034000     MSVCRT:cinitexe.obj
 0003:00000004       ___xc_z                    10034004     MSVCRT:cinitexe.obj
 0003:00000008       ___xi_a                    10034008     MSVCRT:cinitexe.obj
 0003:0000000c       ___xi_z                    1003400c     MSVCRT:cinitexe.obj
 0003:00000064       _useSpotSize               10034064     HintTran.obj
 0003:000007a8       _maxVertexMove             100347a8     shapet.obj
 0003:00004370       ___security_cookie         10038370     MSVCRT:seccook.obj
 0003:00004380       _reversals                 10038380     Orient.obj
 0003:00004384       _rarelyHappens             10038384     Orient.obj
 0003:00004390       _absPixelError             10038390     hstrat97.obj
 0003:00004394       _relPixelError             10038394     hstrat97.obj
 0003:00004398       _totEvals                  10038398     hstrat97.obj
 0003:000043a0       _sunFontIDs                100383a0     <common>
 0003:000043c0       _globPerScaler             100383c0     <common>
 0003:000047c0       __adjust_fdiv              100387c0     <common>
 0003:000047c4       ___onexitend               100387c4     <common>
 0003:000047c8       ___onexitbegin             100387c8     <common>
 0003:000047cc       __pRawDllMain              100387cc     <common>

 entry point at        0001:0002f2a3

 Static symbols

 0001:00000000       _WideMul                   10001000 f   FixMulDiv.obj
 0001:00000090       _WideDiv                   10001090 f   FixMulDiv.obj
 0001:000001c0       _fnt_ProjectIntegerPPEM    100011c0 f   Fnt.obj
 0001:00001340       _fnt_SH_Common             10002340 f   Fnt.obj
 0001:00001470       _fnt_SHP_Common            10002470 f   Fnt.obj
 0001:00002030       _fnt_PushSomeBytes         10003030 f   Fnt.obj
 0001:000020b0       _fnt_PushSomeWords         100030b0 f   Fnt.obj
 0001:00003170       _fnt_CheckSingleWidth      10004170 f   Fnt.obj
 0001:00003960       _fnt_DeltaEngine           10004960 f   Fnt.obj
 0001:00004850       _fnt_SetRoundValues        10005850 f   FntRare.obj
 0001:000051f0       _fnt_FindIDef              100061f0 f   FntRare.obj
 0001:00006350       _CreateGlyphElement        10007350 f   HintGlyph.obj
 0001:00006490       _OffsetAxis                10007490 f   HintGlyph.obj
 0001:000064a0       _AdjustPhantomAxis         100074a0 f   HintGlyph.obj
 0001:000064c0       _AdjustPhantoms            100074c0 f   HintGlyph.obj
 0001:00006f50       _TTHintTransformAllocation 10007f50 f   HintTran.obj
 0001:000071d0       _SetupGXMatrixFromT2K      100081d0 f   HintTran.obj
 0001:000071f0       _SetupScalerTransform      100081f0 f   HintTran.obj
 0001:00007250       _SetupScalerDefaultTTD     10008250 f   HintTran.obj
 0001:00007290       _TTScalerTTHintTranDeep    10008290 f   HintTran.obj
 0001:000073f0       _ScaleCVT                  100083f0 f   InterpreterGlue.obj
 0001:00007470       _SetUpProgramPtrs          10008470 f   InterpreterGlue.obj
 0001:000075f0       _SetGlobalGSStackData      100085f0 f   InterpreterGlue.obj
 0001:00007910       _InitScanPointStructure    10008910 f   Orient.obj
 0001:00007930       _GetOffGrid                10008930 f   Orient.obj
 0001:00007a20       _IsOutsideConvexHull       10008a20 f   Orient.obj
 0001:00007a80       _GetSplineValueOnY         10008a80 f   Orient.obj
 0001:00007c60       _GetXCurveRelationship     10008c60 f   Orient.obj
 0001:00007c90       _CheckLeftOrRight          10008c90 f   Orient.obj
 0001:00007d80       _GetNonGridXPointOnLineSegment 10008d80 f   Orient.obj
 0001:00007df0       _EvaluateQuadraticAtForAxis 10008df0 f   Orient.obj
 0001:00007e20       _EvaluateQuadraticAt       10008e20 f   Orient.obj
 0001:00007e80       _GetQuatraticControlPointOneAxis 10008e80 f   Orient.obj
 0001:00007ea0       _XGetQuadraticBezier       10008ea0 f   Orient.obj
 0001:00007f20       _SingleSetupYAxisScan      10008f20 f   Orient.obj
 0001:00007f60       _UpdatePoint               10008f60 f   Orient.obj
 0001:00007fa0       _EvaluateCurveType         10008fa0 f   Orient.obj
 0001:00008030       _SetupCurveSegment         10009030 f   Orient.obj
 0001:000080e0       _GetInterpolatedAxis       100090e0 f   Orient.obj
 0001:00008100       _CheckLineSegment          10009100 f   Orient.obj
 0001:000081f0       _SplitQuadratic            100091f0 f   Orient.obj
 0001:000082b0       _UpdateMonotonicQuadratic  100092b0 f   Orient.obj
 0001:00008320       _UpdateBalancedQuadraticCurve 10009320 f   Orient.obj
 0001:000083a0       _GetNonZeroWinding         100093a0 f   Orient.obj
 0001:00008420       _SplitQuadraticAtEndPoint  10009420 f   Orient.obj
 0001:00008550       _BalancedSetupYAxisScan    10009550 f   Orient.obj
 0001:00008650       _UpdateControlOutsideQuadratic 10009650 f   Orient.obj
 0001:000086d0       _UpdateQuadraticCurve      100096d0 f   Orient.obj
 0001:000087a0       _ScanCheckContour          100097a0 f   Orient.obj
 0001:000088b0       _GetNonGridXPointOnQuadratic 100098b0 f   Orient.obj
 0001:00008b90       _NeededContourWords        10009b90 f   OrientDB.obj
 0001:00008bb0       _NeededAllocationContourBytes 10009bb0 f   OrientDB.obj
 0001:00008bd0       _SetupAllocatedContourData 10009bd0 f   OrientDB.obj
 0001:00008e80       _FixedToGCoordinate        10009e80 f   PinkGlue.obj
 0001:00008e90       _FractToGCoordinate        10009e90 f   PinkGlue.obj
 0001:00008ea0       _GCoordinateToFixed        10009ea0 f   PinkGlue.obj
 0001:00008eb0       _GCoordinateToFract        10009eb0 f   PinkGlue.obj
 0001:00008f20       _util_FixMulRoundPositive  10009f20 f   PinkGlue.obj
 0001:00009580       _LargestElementCounts      1000a580 f   TTHintFont.obj
 0001:000095c0       _SetupDebugPointers        1000a5c0 f   TTHintFont.obj
 0001:00009700       _OnceOnlyTTFDefInit        1000a700 f   TTHintFont.obj
 0001:00009ac0       _ag_FDist                  1000aac0 f   autogrid.obj
 0001:00009af0       _ag_XDist                  1000aaf0 f   autogrid.obj
 0001:00009b10       _ag_YDist                  1000ab10 f   autogrid.obj
 0001:00009f70       _ag_DoubleNorm             1000af70 f   autogrid.obj
 0001:0000a050       _ag_ComputeTangents        1000b050 f   autogrid.obj
 0001:0000a2b0       _ag_PrevDifferentYValue    1000b2b0 f   autogrid.obj
 0001:0000a300       _ag_PrevDifferentXValue    1000b300 f   autogrid.obj
 0001:0000a350       _ag_FindXandYExtrema       1000b350 f   autogrid.obj
 0001:0000a490       _ag_FindInflections        1000b490 f   autogrid.obj
 0001:0000a950       _ag_MarkPoints             1000b950 f   autogrid.obj
 0001:0000ae30       _ag_BlackAndParallell      1000be30 f   autogrid.obj
 0001:0000aef0       _ag_FindPointPairs         1000bef0 f   autogrid.obj
 0001:0000b1d0       _ag_AnalyzeChar            1000c1d0 f   autogrid.obj
 0001:0000b660       _ag_ModifyCvtGoal          1000c660 f   autogrid.obj
 0001:0000c2d0       _ag_FindLinks              1000d2d0 f   autogrid.obj
 0001:0000c530       _ag_GetStems               1000d530 f   autogrid.obj
 0001:0000c770       _ag_ProcessOutline         1000d770 f   autogrid.obj
 0001:0000c8a0       _ag_ScaleGlyph             1000d8a0 f   autogrid.obj
 0001:0000c9b0       _ag_SetUpCvt               1000d9b0 f   autogrid.obj
 0001:0000ccf0       _ag_IsHinthandle           1000dcf0 f   autogrid.obj
 0001:0000d5b0       _CheckFontFamilyProcW@16   1000e5b0 f   fontpath.obj
 0001:0000d5e0       _DifferentFamily           1000e5e0 f   fontpath.obj
 0001:0000d660       _EnumFontFacesInFamilyProcW@16 1000e660 f   fontpath.obj
 0001:0000d6f0       _EnumFamilyNamesW@16       1000e6f0 f   fontpath.obj
 0001:0000d7e0       _RegistryToBaseTTNameW     1000e7e0 f   fontpath.obj
 0001:0000d840       _registerFontW             1000e840 f   fontpath.obj
 0001:0000dc70       _GetYMax                   1000ec70 f   ghints.obj
 0001:0000dcd0       _GetYMin                   1000ecd0 f   ghints.obj
 0001:0000ddc0       _MedianHeight              1000edc0 f   ghints.obj
 0001:0000eca0       _glyph_AllocContours       1000fca0 f   glyph.obj
 0001:0000ee10       _addStemFrame              1000fe10 f   glyph.obj
 0001:0000eff0       _glyph_InitBaseStemFrame   1000fff0 f   glyph.obj
 0001:000105e0       _downHeap                  100115e0 f   hstrat97.obj
 0001:00010680       _HeapSort                  10011680 f   hstrat97.obj
 0001:000106e0       _isComplexChar             100116e0 f   hstrat97.obj
 0001:00011930       _sc_wnNrowFill             10012930 f   sc.obj
 0001:00011d80       _sortCols                  10012d80 f   sc.obj
 0001:00011ea0       _sortRows                  10012ea0 f   sc.obj
 0001:00011fb0       _sc_mark                   10012fb0 f   sc.obj
 0001:00014710       _sc_markRows               10015710 f   sc.obj
 0001:00015200       _invpixSegY                10016200 f   sc.obj
 0001:000152c0       _invpixSegX                100162c0 f   sc.obj
 0001:00015310       _invpixOn                  10016310 f   sc.obj
 0001:00015340       _sc_lineInit               10016340 f   sc.obj
 0001:00015390       _nOnOff                    10016390 f   sc.obj
 0001:00015420       _nUpperXings               10016420 f   sc.obj
 0001:000154b0       _nLowerXings               100164b0 f   sc.obj
 0001:00015910       _sc_DrawParabola           10016910 f   sc.obj
 0001:00015b40       _sc_lineGen                10016b40 f   sc.obj
 0001:00015bd0       _sc_lineGenRows            10016bd0 f   sc.obj
 0001:00015c60       _sc_orSomeBits             10016c60 f   sc.obj
 0001:000175d0       _ReadTTFontFileFunc        100185d0 f   scalerMethods.obj
 0001:00017710       _freeScalerInfo            10018710 f   scalerMethods.obj
 0001:00017af0       _CopyBW2Grey8              10018af0 f   scalerMethods.obj
 0001:00017d30       _CopyBW2LCDH               10018d30 f   scalerMethods.obj
 0001:000180a0       _getTBFromBW2              100190a0 f   scalerMethods.obj
 0001:00018140       _CopyBW2LCDV               10019140 f   scalerMethods.obj
 0001:00018380       _filterPixelsH             10019380 f   scalerMethods.obj
 0001:00018460       _filterPixelsV             10019460 f   scalerMethods.obj
 0001:00018860       _getNullGlyphImage         10019860 f   scalerMethods.obj
 0001:00018d30       _ProjectUnitVector         10019d30 f   scalerMethods.obj
 0001:00019000       _GetDoubleDeltaMetric      1001a000 f   shapet.obj
 0001:00019030       _ApplyDeltaToHMTX          1001a030 f   shapet.obj
 0001:000190c0       _AdjustBoldAlignmentValues 1001a0c0 f   shapet.obj
 0001:000190e0       _isVectorFlip              1001a0e0 f   shapet.obj
 0001:00019110       _ComputeIntersectionDouble 1001a110 f   shapet.obj
 0001:00019230       _AdjustItalicMultiplier    1001a230 f   shapet.obj
 0001:00019240       _F26Dot6Fix28MulRoundSlant 1001a240 f   shapet.obj
 0001:00019260       _ApplyItalicContour        1001a260 f   shapet.obj
 0001:000192e0       _AnalyzeVector             1001a2e0 f   shapet.obj
 0001:00019410       _AnalyzeAngle              1001a410 f   shapet.obj
 0001:00019ee0       _GetGlyphYMax              1001aee0 f   t1.obj
 0001:00019f10       _GetGlyphYMin              1001af10 f   t1.obj
 0001:00019f40       _GetGlyphXMin              1001af40 f   t1.obj
 0001:00019f70       _PrepareForHinting         1001af70 f   t1.obj
 0001:0001a030       _FlipContourDirection      1001b030 f   t1.obj
 0001:0001a210       _Decrypt                   1001b210 f   t1.obj
 0001:0001a230       _ATOI                      1001b230 f   t1.obj
 0001:0001a280       _backwardsATOI             1001b280 f   t1.obj
 0001:0001a2d0       _ATOFixed                  1001b2d0 f   t1.obj
 0001:0001a3c0       _IsHex                     1001b3c0 f   t1.obj
 0001:0001a3f0       _MapHex                    1001b3f0 f   t1.obj
 0001:0001a410       _DecryptData               1001b410 f   t1.obj
 0001:0001a770       _tsi_T1Find                1001b770 f   t1.obj
 0001:0001a820       _TransformData             1001b820 f   t1.obj
 0001:0001a8a0       _SetMetrics                1001b8a0 f   t1.obj
 0001:0001a8d0       _PSNameToUnicode           1001b8d0 f   t1.obj
 0001:0001abe0       _tsi_T1GetGlyphIndexFromAdobeCode 1001bbe0 f   t1.obj
 0001:0001ac40       _Type1BuildChar            1001bc40 f   t1.obj
 0001:0001b7b0       _tsi_T1GetBooleanParam     1001c7b0 f   t1.obj
 0001:0001b850       _tsi_T1GetFixedArray       1001c850 f   t1.obj
 0001:0001b8f0       _tsi_T1GetShortArray       1001c8f0 f   t1.obj
 0001:0001b9f0       _GetT1FontMatrix           1001c9f0 f   t1.obj
 0001:0001bb10       _BuildMetricsEtc           1001cb10 f   t1.obj
 0001:0001be40       _BuildSubrs                1001ce40 f   t1.obj
 0001:0001c020       _BuildCMAP                 1001d020 f   t1.obj
 0001:0001c220       _ReadGlobalHints           1001d220 f   t1.obj
 0001:0001c400       _ReadOfffset1              1001d400 f   t1.obj
 0001:0001c4a0       _ReadOfffset2              1001d4a0 f   t1.obj
 0001:0001c5d0       _ReadOfffset3              1001d5d0 f   t1.obj
 0001:0001c790       _ReadOfffset4              1001d790 f   t1.obj
 0001:0001c9e0       _GetOffsetFunction         1001d9e0 f   t1.obj
 0001:0001ca30       _READ_REAL                 1001da30 f   t1.obj
 0001:0001cac0       _READ_INTEGER              1001dac0 f   t1.obj
 0001:0001cf80       _tsi_NewCFFIndexClass      1001df80 f   t1.obj
 0001:0001d0a0       _tsi_DeleteCFFIndexClass   1001e0a0 f   t1.obj
 0001:0001d0c0       _tsi_ParsePrivateDictData  1001e0c0 f   t1.obj
 0001:0001d470       _tsi_ParseCFFTopDict       1001e470 f   t1.obj
 0001:0001d880       _Type2BuildChar            1001e880 f   t1.obj
 0001:000203c0       _BuildT2CMAP               100213c0 f   t1.obj
 0001:000211b0       _BuildT2MetricsEtc         100221b0 f   t1.obj
 0001:000217d0       _find_top_range            100227d0 f   t1hint.obj
 0001:00021860       _find_bottom_range         10022860 f   t1hint.obj
 0001:00021900       _find_range                10022900 f   t1hint.obj
 0001:00021920       _get_range_point           10022920 f   t1hint.obj
 0001:00021c90       _placeStemLowerEnd         10022c90 f   t1hint.obj
 0001:00021cc0       _process_stems             10022cc0 f   t1hint.obj
 0001:000223f0       _place_points              100233f0 f   t1hint.obj
 0001:00022b50       _T2KDoGriddingSetUp        10023b50 f   t2k.obj
 0001:00022d00       _ExtractBitmapTransform    10023d00 f   t2k.obj
 0001:00022e10       _T2K_NewTransformationInternal 10023e10 f   t2k.obj
 0001:00022fb0       _getDropoutMode            10023fb0 f   t2k.obj
 0001:000230c0       _scaleValue                100240c0 f   t2k.obj
 0001:000230f0       _T2K_PurgeMemoryInternal   100240f0 f   t2k.obj
 0001:000231e0       _MatrixTimesMatrix16x16    100241e0 f   t2k.obj
 0001:00023290       _MatrixTimesVector         10024290 f   t2k.obj
 0001:00023380       _SetOneUnitAxis            10024380 f   t2k.obj
 0001:000234d0       _T2K_RenderGlyphInternal   100244d0 f   t2k.obj
 0001:00024670       _bold_bitmap               10025670 f   t2k.obj
 0001:00024b70       _ApplyCompensationTransformToMetrics 10025b70 f   t2k.obj
 0001:00024dc0       _ApplyCompensationTransformToBitmap 10025dc0 f   t2k.obj
 0001:00025040       _bold_greyscale_bitmap     10026040 f   t2k.obj
 0001:00025530       _adjust_advances_after_bitmap_bolding 10026530 f   t2k.obj
 0001:00026120       _T2K_GetSbits              10027120 f   t2k.obj
 0001:000265d0       _New_bitmapSizeTable       100275d0 f   t2ksbit.obj
 0001:000269f0       _Delete_bitmapSizeTable    100279f0 f   t2ksbit.obj
 0001:00026f90       _ReadBigMetrics            10027f90 f   t2ksbit.obj
 0001:000273e0       _ReadSmallMetrics          100283e0 f   t2ksbit.obj
 0001:000276a0       _FintBestSubstitute        100286a0 f   t2ksbit.obj
 0001:00027710       _FindBitmapSizeTable       10028710 f   t2ksbit.obj
 0001:00027850       _RescalePixelValue         10028850 f   t2ksbit.obj
 0001:00027ef0       _CreateBitMap              10028ef0 f   t2ksbit.obj
 0001:00028480       _MergeBits                 10029480 f   t2ksbit.obj
 0001:00028600       _ScaleYBits                10029600 f   t2ksbit.obj
 0001:000286e0       _ScaleXBits                100296e0 f   t2ksbit.obj
 0001:00028820       _ScaleBits                 10029820 f   t2ksbit.obj
 0001:00028f10       _ShellSort                 10029f10 f   t2ksc.obj
 0001:00029120       _DoNonZeroWindingRule      1002a120 f   t2ksc.obj
 0001:00029210       _ReAllocEdges              1002a210 f   t2ksc.obj
 0001:000292a0       _drawLine                  1002a2a0 f   t2ksc.obj
 0001:00029660       _drawParabola              1002a660 f   t2ksc.obj
 0001:00029860       _draw3rdDegreeBezier       1002a860 f   t2ksc.obj
 0001:00029b90       _Make3rdDegreeBezierEdgeList 1002ab90 f   t2ksc.obj
 0001:00029e20       _MakeEdgeList              1002ae20 f   t2ksc.obj
 0001:0002aee0       _IsFigure_cmapClass        1002bee0 f   truetype.obj
 0001:0002af20       _Compute_cmapClass_Index0  1002bf20 f   truetype.obj
 0001:0002af50       _Compute_cmapClass_Index4  1002bf50 f   truetype.obj
 0001:0002aff0       _Compute_cmapClass_Index6  1002bff0 f   truetype.obj
 0001:0002b050       _Compute_cmapClass_GlyphIndex 1002c050 f   truetype.obj
 0001:0002b0b0       _New_cmapClass             1002c0b0 f   truetype.obj
 0001:0002b390       _Delete_cmapClass          1002c390 f   truetype.obj
 0001:0002b3f0       _New_sfnt_DirectoryEntry   1002c3f0 f   truetype.obj
 0001:0002b430       _Delete_sfnt_DirectoryEntry 1002c430 f   truetype.obj
 0001:0002b440       _New_sfnt_OffsetTable      1002c440 f   truetype.obj
 0001:0002b500       _Delete_sfnt_OffsetTable   1002c500 f   truetype.obj
 0001:0002b550       _New_hheaClass             1002c550 f   truetype.obj
 0001:0002b610       _Delete_hheaClass          1002c610 f   truetype.obj
 0001:0002b680       _New_hmtxClass             1002c680 f   truetype.obj
 0001:0002b770       _Copy_hmtxClass            1002c770 f   truetype.obj
 0001:0002b860       _New_ttcfClass             1002c860 f   truetype.obj
 0001:0002b8e0       _Delete_ttcfClass          1002c8e0 f   truetype.obj
 0001:0002b900       _New_headClass             1002c900 f   truetype.obj
 0001:0002b9d0       _Delete_headClass          1002c9d0 f   truetype.obj
 0001:0002b9f0       _New_maxpClass             1002c9f0 f   truetype.obj
 0001:0002baf0       _Delete_maxpClass          1002caf0 f   truetype.obj
 0001:0002bb10       _New_locaClass             1002cb10 f   truetype.obj
 0001:0002bbd0       _Delete_locaClass          1002cbd0 f   truetype.obj
 0001:0002bbf0       _New_GlyphClass            1002cbf0 f   truetype.obj
 0001:0002c720       _LoadCMAP                  1002d720 f   truetype.obj
 0001:0002d0d0       _CacheKeyTables_sfntClass  1002e0d0 f   truetype.obj
 0001:0002ee10       _getGlyphGeneralPath       1002fe10 f   GeneralPath.obj
