 prism-d3d

 Timestamp is 4c3f4886 (Thu Jul 15 10:42:30 2010)

 Preferred load address is 10000000

 Start         Length     Name                   Class
 0001:00000000 00005960H .text                   CODE
 0001:00005960 00000075H .text$x                 CODE
 0001:000059e0 0000001aH .text$yc                CODE
 0002:00000000 000000b4H .idata$5                DATA
 0002:000000b8 00001958H .rdata                  DATA
 0002:00001a10 00000014H .rdata$sxdata           DATA
 0002:00001a24 00000004H .rtc$IAA                DATA
 0002:00001a28 00000004H .rtc$IZZ                DATA
 0002:00001a2c 00000004H .rtc$TAA                DATA
 0002:00001a30 00000004H .rtc$TZZ                DATA
 0002:00001a34 00000144H .xdata$x                DATA
 0002:00001b78 0000003cH .idata$2                DATA
 0002:00001bb4 00000014H .idata$3                DATA
 0002:00001bc8 000000b4H .idata$4                DATA
 0002:00001c7c 0000027aH .idata$6                DATA
 0002:00001f00 00001b46H .edata                  DATA
 0003:00000000 00000004H .CRT$XCA                DATA
 0003:00000004 00000004H .CRT$XCU                DATA
 0003:00000008 00000004H .CRT$XCZ                DATA
 0003:0000000c 00000004H .CRT$XIA                DATA
 0003:00000010 00000004H .CRT$XIZ                DATA
 0003:00000020 00000024H .data                   DATA
 0003:00000044 00000028H .bss                    DATA

  Address         Publics by Value              Rva+Base     Lib:Object

 0000:00000000       __except_list              00000000     <absolute>
 0000:00000005       ___safe_se_handler_count   00000005     <absolute>
 0000:00009876       __ldused                   00009876     <absolute>
 0000:00009876       __fltused                  00009876     <absolute>
 0001:00000000       ?GetResourceManager@D3DContext@@QAEPAVD3DResourceManager@@XZ 10001000 f i D3DGraphics.obj
 0001:00000010       ?GetVertexBufferRes@D3DContext@@QAEPAVD3DVertexBufferResource@@XZ 10001010 f i D3DGraphics.obj
 0001:00000020       ?GetDeviceCaps@D3DContext@@QAEPAU_D3DCAPS9@@XZ 10001020 f i D3DGraphics.obj
 0001:00000030       ?GetContextCaps@D3DContext@@QAEHXZ 10001030 f i D3DGraphics.obj
 0001:00000040       ?GetPresentationParams@D3DContext@@QAEPAU_D3DPRESENT_PARAMETERS_@@XZ 10001040 f i D3DGraphics.obj
 0001:00000050       ?Get3DDevice@D3DContext@@QAEPAUIDirect3DDevice9@@XZ 10001050 f i D3DGraphics.obj
 0001:00000060       ?Get3DObject@D3DContext@@QAEPAUIDirect3D9@@XZ 10001060 f i D3DGraphics.obj
 0001:00000070       ?IsPow2TexturesOnly@D3DContext@@QAEHXZ 10001070 f i D3DGraphics.obj
 0001:00000080       ?IsSquareTexturesOnly@D3DContext@@QAEHXZ 10001080 f i D3DGraphics.obj
 0001:00000090       ?IsHWRasterizer@D3DContext@@QAEHXZ 10001090 f i D3DGraphics.obj
 0001:000000a0       ?IsDynamicTextureSupported@D3DContext@@QAEHXZ 100010a0 f i D3DGraphics.obj
 0001:000000b0       ?IsImmediateIntervalSupported@D3DContext@@QAEHXZ 100010b0 f i D3DGraphics.obj
 0001:000000c0       ?IsPixelShader20Supported@D3DContext@@QAEHXZ 100010c0 f i D3DGraphics.obj
 0001:000000d0       ?IsGradientInstructionExtensionSupported@D3DContext@@QAEHXZ 100010d0 f i D3DGraphics.obj
 0001:000000e0       ?IsPixelShader30Supported@D3DContext@@QAEHXZ 100010e0 f i D3DGraphics.obj
 0001:000000f0       ?IsMultiTexturingSupported@D3DContext@@QAEHXZ 100010f0 f i D3DGraphics.obj
 0001:00000110       ?IsIdentityTx@D3DContext@@QAEHXZ 10001110 f i D3DGraphics.obj
 0001:00000120       ??0D3DContext@@QAE@ABV0@@Z 10001120 f i D3DGraphics.obj
 0001:00000210       ??4D3DContext@@QAEAAV0@ABV0@@Z 10001210 f i D3DGraphics.obj
 0001:00000300       ??_ED3DContext@@UAEPAXI@Z  10001300 f i D3DGraphics.obj
 0001:00000360       ?GetD3DObject@D3DPipelineManager@@QAEPAUIDirect3D9@@XZ 10001360 f i D3DGraphics.obj
 0001:00000370       ?GetDeviceType@D3DPipelineManager@@QAE?AW4_D3DDEVTYPE@@XZ 10001370 f i D3DGraphics.obj
 0001:00000380       ?GetEnv@D3DPipelineManager@@QAEPAUJNIEnv_@@XZ 10001380 f i D3DGraphics.obj
 0001:00000390       ??4D3DPipelineManager@@QAEAAV0@ABV0@@Z 10001390 f i D3DGraphics.obj
 0001:000003b0       _Java_com_sun_prism_d3d_D3DSwapChain_nPresent 100013b0 f   D3DGraphics.obj
 0001:000003f0       _Java_com_sun_prism_d3d_D3DVertexBuffer_nFlush 100013f0 f   D3DGraphics.obj
 0001:00000560       _Java_com_sun_prism_d3d_D3DGraphics_nClear 10001560 f   D3DGraphics.obj
 0001:000005a0       _Java_com_sun_prism_d3d_D3DContext_nSetBlendEnabled 100015a0 f   D3DGraphics.obj
 0001:00000620       _Java_com_sun_prism_d3d_D3DContext_nSetRenderTarget 10001620 f   D3DGraphics.obj
 0001:00000650       _Java_com_sun_prism_d3d_D3DContext_nSetTexture 10001650 f   D3DGraphics.obj
 0001:00000720       _Java_com_sun_prism_d3d_D3DContext_nSetProjViewMatrix 10001720 f   D3DGraphics.obj
 0001:00000800       _Java_com_sun_prism_d3d_D3DContext_nSetTransform 10001800 f   D3DGraphics.obj
 0001:000008d0       _Java_com_sun_prism_d3d_D3DContext_nResetTransform 100018d0 f   D3DGraphics.obj
 0001:000008f0       _Java_com_sun_prism_d3d_D3DContext_nSetClipRect 100018f0 f   D3DGraphics.obj
 0001:00000920       _Java_com_sun_prism_d3d_D3DContext_nResetClipRect 10001920 f   D3DGraphics.obj
 0001:00000940       _Java_com_sun_prism_d3d_D3DContext_nSync 10001940 f   D3DGraphics.obj
 0001:00000970       _DllMain@12                10001970 f   D3DPipeline.obj
 0001:00000980       _Java_com_sun_prism_d3d_D3DPipeline_nInit 10001980 f   D3DPipeline.obj
 0001:000009a0       _Java_com_sun_prism_d3d_D3DPipeline_nDispose 100019a0 f   D3DPipeline.obj
 0001:000009b0       ?GetInstance@D3DPipelineManager@@SAPAV1@XZ 100019b0 f   D3DPipelineManager.obj
 0001:000009c0       ?ReleaseAdapters@D3DPipelineManager@@AAEJXZ 100019c0 f   D3DPipelineManager.obj
 0001:00000a40       ?NotifyAdapterEventListeners@D3DPipelineManager@@SAXIJ@Z 10001a40 f   D3DPipelineManager.obj
 0001:00000a50       ?D3DPPLM_OsVersionMatches@@YAHG@Z 10001a50 f   D3DPipelineManager.obj
 0001:00000c70       ?CheckForBadHardware@D3DPipelineManager@@CAJKK_J@Z 10001c70 f   D3DPipelineManager.obj
 0001:00000d80       ?SelectDeviceType@D3DPipelineManager@@AAE?AW4_D3DDEVTYPE@@XZ 10001d80 f   D3DPipelineManager.obj
 0001:00000e80       ?CheckDeviceCaps@D3DPipelineManager@@AAEJI@Z 10001e80 f   D3DPipelineManager.obj
 0001:00001040       ?D3DEnabledOnAdapter@D3DPipelineManager@@AAEJI@Z 10002040 f   D3DPipelineManager.obj
 0001:000010a0       ?GetAdapterOrdinalByHmon@D3DPipelineManager@@AAEIPAUHMONITOR__@@@Z 100020a0 f   D3DPipelineManager.obj
 0001:00001100       ?GetMatchingDepthStencilFormat@D3DPipelineManager@@QAE?AW4_D3DFORMAT@@IW42@0@Z 10002100 f   D3DPipelineManager.obj
 0001:00001170       ?CreateDefaultFocusWindow@D3DPipelineManager@@AAEPAUHWND__@@XZ 10002170 f   D3DPipelineManager.obj
 0001:000012d0       ?GetCurrentFocusWindow@D3DPipelineManager@@QAEPAUHWND__@@XZ 100022d0 f   D3DPipelineManager.obj
 0001:000012f0       ?SetFSFocusWindow@D3DPipelineManager@@QAEPAUHWND__@@IPAU2@@Z 100022f0 f   D3DPipelineManager.obj
 0001:00001390       ?GetD3DContext@D3DPipelineManager@@QAEJIPAPAVD3DContext@@@Z 10002390 f   D3DPipelineManager.obj
 0001:00001480       ??0D3DPipelineManager@@AAE@PAUJNIEnv_@@@Z 10002480 f   D3DPipelineManager.obj
 0001:000014b0       ?ReleaseD3D@D3DPipelineManager@@AAEJXZ 100024b0 f   D3DPipelineManager.obj
 0001:000014f0       ?GetAdapterOrdinalForScreen@D3DPipelineManager@@QAEIJ@Z 100024f0 f   D3DPipelineManager.obj
 0001:00001500       ?HandleLostDevices@D3DPipelineManager@@QAEJXZ 10002500 f   D3DPipelineManager.obj
 0001:000015d0       ?CheckOSVersion@D3DPipelineManager@@CAJXZ 100025d0 f   D3DPipelineManager.obj
 0001:00001630       ?GDICheckForBadHardware@D3DPipelineManager@@CAJXZ 10002630 f   D3DPipelineManager.obj
 0001:00001770       ?CheckAdaptersInfo@D3DPipelineManager@@AAEJXZ 10002770 f   D3DPipelineManager.obj
 0001:000019e0       ??1D3DPipelineManager@@AAE@XZ 100029e0 f   D3DPipelineManager.obj
 0001:00001a20       ?InitAdapters@D3DPipelineManager@@AAEJXZ 10002a20 f   D3DPipelineManager.obj
 0001:00001ab0       ?DeleteInstance@D3DPipelineManager@@SAXXZ 10002ab0 f   D3DPipelineManager.obj
 0001:00001b00       ?InitD3D@D3DPipelineManager@@AAEJXZ 10002b00 f   D3DPipelineManager.obj
 0001:00001bc0       ?HandleAdaptersChange@D3DPipelineManager@@SAJPAPAUHMONITOR__@@I@Z 10002bc0 f   D3DPipelineManager.obj
 0001:00001c80       ?CreateInstance@D3DPipelineManager@@SAPAV1@PAUJNIEnv_@@@Z 10002c80 f   D3DPipelineManager.obj
 0001:00001d50       ?CallStaticVoidMethod@JNIEnv_@@QAAXPAV_jclass@@PAU_jmethodID@@ZZ 10002d50 f i D3DResourceManager.obj
 0001:00001d70       ??1IManagedResource@@MAE@XZ 10002d70 f i D3DResourceManager.obj
 0001:00001d80       ??_EIManagedResource@@MAEPAXI@Z 10002d80 f i D3DResourceManager.obj
 0001:00001d80       ??_GIManagedResource@@MAEPAXI@Z 10002d80 f i D3DResourceManager.obj
 0001:00001db0       ?Init@D3DResource@@IAEXPAUIDirect3DResource9@@PAUIDirect3DSwapChain9@@@Z 10002db0 f   D3DResourceManager.obj
 0001:00001e70       ?IsDefaultPool@D3DResource@@UAEHXZ 10002e70 f   D3DResourceManager.obj
 0001:00001e90       ?Release@D3DResource@@MAEXXZ 10002e90 f   D3DResourceManager.obj
 0001:00001ee0       ?IsDefaultPool@D3DPixelShaderResource@@UAEHXZ 10002ee0 f i D3DResourceManager.obj
 0001:00001ef0       ?Release@D3DPixelShaderResource@@UAEXXZ 10002ef0 f   D3DResourceManager.obj
 0001:00001f10       ??0D3DVertexBufferResource@@QAE@PAUIDirect3DVertexBuffer9@@H@Z 10002f10 f   D3DResourceManager.obj
 0001:00001f40       ?IsDefaultPool@D3DVertexBufferResource@@UAEHXZ 10002f40 f i D3DResourceManager.obj
 0001:00001f50       ?Release@D3DVertexBufferResource@@UAEXXZ 10002f50 f   D3DResourceManager.obj
 0001:00001f70       ?NotifyReleased@D3DResourceManager@@AAEXH@Z 10002f70 f   D3DResourceManager.obj
 0001:00002000       ?ReleaseAll@D3DResourceManager@@QAEXXZ 10003000 f   D3DResourceManager.obj
 0001:00002050       ?ReleaseResource@D3DResourceManager@@QAEJPAVIManagedResource@@@Z 10003050 f   D3DResourceManager.obj
 0001:000020a0       ?AddResource@D3DResourceManager@@QAEJPAVIManagedResource@@@Z 100030a0 f   D3DResourceManager.obj
 0001:000020d0       ?CreatePixelShader@D3DResourceManager@@QAEJPAKPAPAVD3DPixelShaderResource@@@Z 100030d0 f   D3DResourceManager.obj
 0001:00002190       ?CreateVertexBuffer@D3DResourceManager@@QAEJPAPAVD3DVertexBufferResource@@@Z 10003190 f   D3DResourceManager.obj
 0001:00002270       ??0D3DResource@@QAE@PAUIDirect3DResource9@@@Z 10003270 f i D3DResourceManager.obj
 0001:000022c0       ??0D3DResource@@QAE@PAUIDirect3DSwapChain9@@@Z 100032c0 f i D3DResourceManager.obj
 0001:00002360       ??1D3DResource@@MAE@XZ     10003360 f   D3DResourceManager.obj
 0001:000023f0       ??1D3DPixelShaderResource@@UAE@XZ 100033f0 f   D3DResourceManager.obj
 0001:00002450       ??1D3DVertexBufferResource@@UAE@XZ 10003450 f   D3DResourceManager.obj
 0001:000024b0       ?Init@D3DResourceManager@@QAEJPAVD3DContext@@@Z 100034b0 f   D3DResourceManager.obj
 0001:000024f0       ??1D3DResourceManager@@QAE@XZ 100034f0 f   D3DResourceManager.obj
 0001:00002510       ?ReleaseDefPoolResources@D3DResourceManager@@QAEXXZ 10003510 f   D3DResourceManager.obj
 0001:00002580       ?CreateTexture@D3DResourceManager@@QAEJIIHHPAW4_D3DFORMAT@@KPAPAVD3DResource@@@Z 10003580 f   D3DResourceManager.obj
 0001:00002750       ?CreateRTSurface@D3DResourceManager@@QAEJIIHHPAW4_D3DFORMAT@@PAPAVD3DResource@@@Z 10003750 f   D3DResourceManager.obj
 0001:00002880       ?CreateOSPSurface@D3DResourceManager@@AAEJIIW4_D3DFORMAT@@PAPAVD3DResource@@@Z 10003880 f   D3DResourceManager.obj
 0001:00002990       ?CreateSwapChain@D3DResourceManager@@QAEJPAUHWND__@@IIIW4_D3DSWAPEFFECT@@IPAPAVD3DResource@@@Z 10003990 f   D3DResourceManager.obj
 0001:00002b60       ?GetBlitOSPSurface@D3DResourceManager@@QAEJIIW4_D3DFORMAT@@PAPAVD3DResource@@@Z 10003b60 f   D3DResourceManager.obj
 0001:00002be0       ??_ED3DResource@@MAEPAXI@Z 10003be0 f i D3DResourceManager.obj
 0001:00002be0       ??_GD3DResource@@MAEPAXI@Z 10003be0 f i D3DResourceManager.obj
 0001:00002c00       ??_GD3DPixelShaderResource@@UAEPAXI@Z 10003c00 f i D3DResourceManager.obj
 0001:00002c00       ??_ED3DPixelShaderResource@@UAEPAXI@Z 10003c00 f i D3DResourceManager.obj
 0001:00002c20       ??_ED3DVertexBufferResource@@UAEPAXI@Z 10003c20 f i D3DResourceManager.obj
 0001:00002c20       ??_GD3DVertexBufferResource@@UAEPAXI@Z 10003c20 f i D3DResourceManager.obj
 0001:00002c40       ?CreateInstance@D3DResourceManager@@SAJPAVD3DContext@@PAPAV1@@Z 10003c40 f   D3DResourceManager.obj
 0001:00002c90       _Java_com_sun_prism_d3d_D3DResourceFactory_nGetContext 10003c90 f   D3DResourceFactory.obj
 0001:00002ce0       _Java_com_sun_prism_d3d_D3DResourceFactory_nGetD3DTexture 10003ce0 f   D3DResourceFactory.obj
 0001:00002cf0       _Java_com_sun_prism_d3d_D3DResourceFactory_nGetD3DSurface 10003cf0 f   D3DResourceFactory.obj
 0001:00002d00       _Java_com_sun_prism_d3d_D3DResourceFactory_nCreateTexture 10003d00 f   D3DResourceFactory.obj
 0001:00002dd0       _Java_com_sun_prism_d3d_D3DResourceFactory_nCreateSwapChain 10003dd0 f   D3DResourceFactory.obj
 0001:00002e40       _Java_com_sun_prism_d3d_D3DResourceFactory_nReleaseResource 10003e40 f   D3DResourceFactory.obj
 0001:00002e70       _Java_com_sun_prism_d3d_D3DResourceFactory_nGetMaximumTextureSize 10003e70 f   D3DResourceFactory.obj
 0001:00002e90       _Java_com_sun_prism_d3d_D3DResourceFactory_nGetTextureWidth 10003e90 f   D3DResourceFactory.obj
 0001:00002ea0       _Java_com_sun_prism_d3d_D3DResourceFactory_nGetTextureHeight 10003ea0 f   D3DResourceFactory.obj
 0001:00002eb0       _Java_com_sun_prism_d3d_D3DResourceFactory_nUpdateTextureI 10003eb0 f   D3DResourceFactory.obj
 0001:00002f70       _Java_com_sun_prism_d3d_D3DResourceFactory_nUpdateTextureF 10003f70 f   D3DResourceFactory.obj
 0001:000030a0       _Java_com_sun_prism_d3d_D3DResourceFactory_nUpdateTextureB 100040a0 f   D3DResourceFactory.obj
 0001:000031c0       _D3DResourceFactory_nReadPixels 100041c0 f   D3DResourceFactory.obj
 0001:00003380       _Java_com_sun_prism_d3d_D3DResourceFactory_nReadPixelsI 10004380 f   D3DResourceFactory.obj
 0001:00003380       _Java_com_sun_prism_d3d_D3DResourceFactory_nReadPixelsB 10004380 f   D3DResourceFactory.obj
 0001:00003420       _Java_com_sun_prism_d3d_D3DResourceFactory_nIsDefaultPool 10004420 f   D3DResourceFactory.obj
 0001:00003430       _Java_com_sun_prism_d3d_D3DResourceFactory_nTestCooperativeLevel 10004430 f   D3DResourceFactory.obj
 0001:00003450       ?D3DUtils_MatrixMultTransposed@@YAXAAU_D3DMATRIX@@ABU1@1@Z 10004450 f i D3DContext.obj
 0001:000034e0       ??0D3DContext@@AAE@PAUIDirect3D9@@I@Z 100044e0 f   D3DContext.obj
 0001:00003560       ?InitDevice@D3DContext@@AAEJPAUIDirect3DDevice9@@@Z 10004560 f   D3DContext.obj
 0001:00003830       ?Sync@D3DContext@@QAEJXZ   10004830 f   D3DContext.obj
 0001:00003890       ?SaveState@D3DContext@@QAEJXZ 10004890 f   D3DContext.obj
 0001:000038e0       ?RestoreState@D3DContext@@QAEJXZ 100048e0 f   D3DContext.obj
 0001:00003920       ?Clear@D3DContext@@QAEJKHH@Z 10004920 f   D3DContext.obj
 0001:00003a50       ?IsStretchRectFilteringSupported@D3DContext@@QAEHW4_D3DTEXTUREFILTERTYPE@@@Z 10004a50 f   D3DContext.obj
 0001:00003a90       ?IsTextureFilteringSupported@D3DContext@@QAEHW4_D3DTEXTUREFILTERTYPE@@@Z 10004a90 f   D3DContext.obj
 0001:00003ad0       ?IsTextureFormatSupported@D3DContext@@QAEHW4_D3DFORMAT@@K@Z 10004ad0 f   D3DContext.obj
 0001:00003b10       ?IsDepthStencilBufferOk@D3DContext@@AAEHPAU_D3DSURFACE_DESC@@@Z 10004b10 f   D3DContext.obj
 0001:00003bc0       ?InitDepthStencilBuffer@D3DContext@@AAEJPAU_D3DSURFACE_DESC@@@Z 10004bc0 f   D3DContext.obj
 0001:00003c60       ?UpdateVertexShaderTX@D3DContext@@AAEJXZ 10004c60 f   D3DContext.obj
 0001:00003ca0       ?SetRenderTarget@D3DContext@@QAEJPAUIDirect3DSurface9@@@Z 10004ca0 f   D3DContext.obj
 0001:00003d90       ?SetProjViewMatrix@D3DContext@@QAEJHNNNNNNNNNNNNNNNN@Z 10004d90 f   D3DContext.obj
 0001:00003ee0       ?ResetTransform@D3DContext@@QAEJXZ 10004ee0 f   D3DContext.obj
 0001:00003f50       ?SetTransform@D3DContext@@QAEJNNNNNNNNNNNNNNNN@Z 10004f50 f   D3DContext.obj
 0001:00004030       ?SetRectClip@D3DContext@@QAEJHHHH@Z 10005030 f   D3DContext.obj
 0001:00004190       ?ResetClip@D3DContext@@QAEJXZ 10005190 f   D3DContext.obj
 0001:000041b0       ?UploadTileToTexture@D3DContext@@QAEJPAVD3DResource@@PAXJJJJJJJW4TileFormat@@PAJ3@Z 100051b0 f   D3DContext.obj
 0001:000046e0       ?BeginScene@D3DContext@@QAEJXZ 100056e0 f   D3DContext.obj
 0001:00004720       ?EndScene@D3DContext@@QAEJXZ 10005720 f   D3DContext.obj
 0001:00004750       ?IsAlphaRTSurfaceSupported@D3DContext@@QAEHXZ 10005750 f   D3DContext.obj
 0001:00004790       ?IsAlphaRTTSupported@D3DContext@@QAEHXZ 10005790 f   D3DContext.obj
 0001:000047d0       ?IsOpaqueRTTSupported@D3DContext@@QAEHXZ 100057d0 f   D3DContext.obj
 0001:00004810       ?InitContextCaps@D3DContext@@AAEJXZ 10005810 f   D3DContext.obj
 0001:00004a50       ?ReleaseContextResources@D3DContext@@QAEXH@Z 10005a50 f   D3DContext.obj
 0001:00004b40       ??1D3DContext@@UAE@XZ      10005b40 f   D3DContext.obj
 0001:00004c10       ?ConfigureContext@D3DContext@@QAEJPAU_D3DPRESENT_PARAMETERS_@@@Z 10005c10 f   D3DContext.obj
 0001:000050b0       ?InitContext@D3DContext@@QAEJXZ 100060b0 f   D3DContext.obj
 0001:00005120       ?CreateInstance@D3DContext@@SAJPAUIDirect3D9@@IPAPAV1@@Z 10006120 f   D3DContext.obj
 0001:00005180       ?ResetContext@D3DContext@@QAEJXZ 10006180 f   D3DContext.obj
 0001:000051f0       ?CheckAndResetDevice@D3DContext@@QAEJH@Z 100061f0 f   D3DContext.obj
 0001:00005240       _Java_com_sun_prism_d3d_D3DShader_init 10006240 f   D3DShader.obj
 0001:000052a0       _Java_com_sun_prism_d3d_D3DShader_enable 100062a0 f   D3DShader.obj
 0001:000052f0       _Java_com_sun_prism_d3d_D3DShader_disable 100062f0 f   D3DShader.obj
 0001:00005320       _Java_com_sun_prism_d3d_D3DShader_setConstantsI 10006320 f   D3DShader.obj
 0001:00005390       _Java_com_sun_prism_d3d_D3DShader_setConstantsF 10006390 f   D3DShader.obj
 0001:00005400       _TraceInit                 10006400 f   Trace.obj
 0001:000054a0       _TraceImpl                 100064a0 f   Trace.obj
 0001:000055b0       ??3@YAXPAX@Z               100065b0 f   MSVCRT:MSVCR71.dll
 0001:000055b6       ?__ArrayUnwind@@YGXPAXIHP6EX0@Z@Z 100065b6 f   MSVCRT:ehvecdtr.obj
 0001:00005614       ??_M@YGXPAXIHP6EX0@Z@Z     10006614 f   MSVCRT:ehvecdtr.obj
 0001:00005680       ??2@YAPAXI@Z               10006680 f   MSVCRT:MSVCR71.dll
 0001:00005686       __purecall                 10006686 f   MSVCRT:MSVCR71.dll
 0001:0000568c       ___CxxFrameHandler         1000668c f   MSVCRT:MSVCR71.dll
 0001:00005692       __CRT_INIT@12              10006692 f   MSVCRT:crtdll.obj
 0001:00005750       __DllMainCRTStartup@12     10006750 f   MSVCRT:crtdll.obj
 0001:00005834       ?terminate@@YAXXZ          10006834 f   MSVCRT:MSVCR71.dll
 0001:0000583c       __SEH_prolog               1000683c f   MSVCRT:sehprolg.obj
 0001:00005877       __SEH_epilog               10006877 f   MSVCRT:sehprolg.obj
 0001:00005888       __except_handler3          10006888 f   MSVCRT:MSVCR71.dll
 0001:0000588e       __initterm                 1000688e f   MSVCRT:MSVCR71.dll
 0001:00005894       __onexit                   10006894 f   MSVCRT:atonexit.obj
 0001:000058ba       _atexit                    100068ba f   MSVCRT:atonexit.obj
 0001:000058cc       __RTC_Initialize           100068cc f   MSVCRT:initsect.obj
 0001:00005910       __RTC_Terminate            10006910 f   MSVCRT:initsect.obj
 0001:00005954       ___CppXcptFilter           10006954 f   MSVCRT:MSVCR71.dll
 0001:0000595a       ___dllonexit               1000695a f   MSVCRT:MSVCR71.dll
 0002:00000000       __imp__LoadLibraryW@4      10007000     kernel32:KERNEL32.dll
 0002:00000004       __imp__GetProcAddress@8    10007004     kernel32:KERNEL32.dll
 0002:00000008       __imp__GetVersion@0        10007008     kernel32:KERNEL32.dll
 0002:0000000c       __imp__GetTickCount@0      1000700c     kernel32:KERNEL32.dll
 0002:00000010       __imp__Sleep@4             10007010     kernel32:KERNEL32.dll
 0002:00000014       __imp__FreeLibrary@4       10007014     kernel32:KERNEL32.dll
 0002:00000018       __imp__GetVersionExW@4     10007018     kernel32:KERNEL32.dll
 0002:0000001c       __imp__GetModuleHandleW@4  1000701c     kernel32:KERNEL32.dll
 0002:00000020       \177KERNEL32_NULL_THUNK_DATA 10007020     kernel32:KERNEL32.dll
 0002:00000024       __imp___onexit             10007024     MSVCRT:MSVCR71.dll
 0002:00000028       __imp_??3@YAXPAX@Z         10007028     MSVCRT:MSVCR71.dll
 0002:0000002c       __imp__strncmp             1000702c     MSVCRT:MSVCR71.dll
 0002:00000030       __imp__getenv              10007030     MSVCRT:MSVCR71.dll
 0002:00000034       __imp__wcslen              10007034     MSVCRT:MSVCR71.dll
 0002:00000038       __imp__wcsncpy             10007038     MSVCRT:MSVCR71.dll
 0002:0000003c       __imp__swscanf             1000703c     MSVCRT:MSVCR71.dll
 0002:00000040       __imp_??2@YAPAXI@Z         10007040     MSVCRT:MSVCR71.dll
 0002:00000044       __imp___purecall           10007044     MSVCRT:MSVCR71.dll
 0002:00000048       __imp____CxxFrameHandler   10007048     MSVCRT:MSVCR71.dll
 0002:0000004c       __imp___iob                1000704c     MSVCRT:MSVCR71.dll
 0002:00000050       __imp__printf              10007050     MSVCRT:MSVCR71.dll
 0002:00000054       __imp__fopen               10007054     MSVCRT:MSVCR71.dll
 0002:00000058       __imp__sscanf              10007058     MSVCRT:MSVCR71.dll
 0002:0000005c       __imp__fflush              1000705c     MSVCRT:MSVCR71.dll
 0002:00000060       __imp__vfprintf            10007060     MSVCRT:MSVCR71.dll
 0002:00000064       __imp__fprintf             10007064     MSVCRT:MSVCR71.dll
 0002:00000068       __imp_?terminate@@YAXXZ    10007068     MSVCRT:MSVCR71.dll
 0002:0000006c       __imp___except_handler3    1000706c     MSVCRT:MSVCR71.dll
 0002:00000070       __imp__free                10007070     MSVCRT:MSVCR71.dll
 0002:00000074       __imp___initterm           10007074     MSVCRT:MSVCR71.dll
 0002:00000078       __imp__malloc              10007078     MSVCRT:MSVCR71.dll
 0002:0000007c       __imp___adjust_fdiv        1000707c     MSVCRT:MSVCR71.dll
 0002:00000080       __imp____CppXcptFilter     10007080     MSVCRT:MSVCR71.dll
 0002:00000084       __imp____dllonexit         10007084     MSVCRT:MSVCR71.dll
 0002:00000088       \177MSVCR71_NULL_THUNK_DATA 10007088     MSVCRT:MSVCR71.dll
 0002:0000008c       __imp__IsWindow@4          1000708c     user32:USER32.dll
 0002:00000090       __imp__EnumDisplayDevicesW@16 10007090     user32:USER32.dll
 0002:00000094       __imp__GetWindowPlacement@8 10007094     user32:USER32.dll
 0002:00000098       __imp__DefWindowProcW@16   10007098     user32:USER32.dll
 0002:0000009c       __imp__RegisterClassW@4    1000709c     user32:USER32.dll
 0002:000000a0       __imp__GetMonitorInfoW@8   100070a0     user32:USER32.dll
 0002:000000a4       __imp__CreateWindowExW@48  100070a4     user32:USER32.dll
 0002:000000a8       __imp__DestroyWindow@4     100070a8     user32:USER32.dll
 0002:000000ac       __imp__UnregisterClassW@8  100070ac     user32:USER32.dll
 0002:000000b0       \177USER32_NULL_THUNK_DATA 100070b0     user32:USER32.dll
 0002:000000b8       ??_7D3DContext@@6B@        100070b8     D3DGraphics.obj
 0002:00000618       ??_C@_1BO@OHAKPJFH@?$AAD?$AA3?$AAD?$AAF?$AAo?$AAc?$AAu?$AAs?$AAW?$AAi?$AAn?$AAd?$AAo?$AAw?$AA?$AA@ 10007618     D3DPipelineManager.obj
 0002:00000638       ??_C@_0CB@BCODLFNH@OS_UNKNOWN?3?5GetVersionEx?5failed?6@ 10007638     D3DPipelineManager.obj
 0002:0000065c       ??_C@_0CP@MCEDLNHP@OS_UNKNOWN?3?5dwPlatformId?$DN?$CFd?5dwMa@ 1000765c     D3DPipelineManager.obj
 0002:0000068c       ??_C@_0DB@MJMDMHBG@OS_UNKNOWN?3?5dwMajorVersion?$DN?$CFd?5dw@ 1000768c     D3DPipelineManager.obj
 0002:000006c0       ??_C@_04HJJMMLKJ@Pro?6?$AA@ 100076c0     D3DPipelineManager.obj
 0002:000006c8       ??_C@_05MLOLPIFO@Home?6?$AA@ 100076c8     D3DPipelineManager.obj
 0002:000006d0       ??_C@_09GKHKBAJH@OS_WINXP?5?$AA@ 100076d0     D3DPipelineManager.obj
 0002:000006dc       ??_C@_0BB@HABNLFEG@OS_WINSERV_2003?6?$AA@ 100076dc     D3DPipelineManager.obj
 0002:000006f0       ??_C@_0N@HFABFBMJ@OS_WINXP_64?6?$AA@ 100076f0     D3DPipelineManager.obj
 0002:00000700       ??_C@_0BK@EFPLDBCP@OS_WINSERV_2008?5or?5newer?6?$AA@ 10007700     D3DPipelineManager.obj
 0002:0000071c       ??_C@_0BD@CPPAGILI@OS_VISTA?5or?5newer?6?$AA@ 1000771c     D3DPipelineManager.obj
 0002:00000730       ??_C@_0BC@LMKDNMNH@?$FLI?$FN?5OS?5Version?5?$DN?5?$AA@ 10007730     D3DPipelineManager.obj
 0002:00000748       ??_C@_0EA@NNGHCBHO@?5?5Warning?3?5hw?1driver?5match?5overr@ 10007748     D3DPipelineManager.obj
 0002:00000788       ??_C@_0EC@COKJPGDF@D3DPPLM?3?3CheckForBadHardware?3?5ba@ 10007788     D3DPipelineManager.obj
 0002:000007cc       ??_C@_0DF@GMLLKCHP@?5?5update?5your?5driver?5to?5at?5least@ 100077cc     D3DPipelineManager.obj
 0002:00000804       ??_C@_0CE@PILPOEJD@?5?5bad?5driver?5found?0?5device?5disab@ 10007804     D3DPipelineManager.obj
 0002:00000828       ??_C@_0FH@OJEAGIPP@D3DPPLM?3?3CheckForBadHardware?3?5fo@ 10007828     D3DPipelineManager.obj
 0002:00000880       ??_C@_01EEMJAFIK@?6?$AA@   10007880     D3DPipelineManager.obj
 0002:00000884       ??_C@_0BI@LCPEFDMD@ref?5rasterizer?5selected?$AA@ 10007884     D3DPipelineManager.obj
 0002:0000089c       ??_C@_0BI@FBOGJCFM@hal?5rasterizer?5selected?$AA@ 1000789c     D3DPipelineManager.obj
 0002:000008b8       ??_C@_0EL@EKNCBGFN@unknown?5rasterizer?3?5?$CFs?0?5only?5?$CIre@ 100078b8     D3DPipelineManager.obj
 0002:00000904       ??_C@_0BM@GFGCKKDL@nullref?5rasterizer?5selected?$AA@ 10007904     D3DPipelineManager.obj
 0002:00000920       ??_C@_03JODACOMD@nul?$AA@  10007920     D3DPipelineManager.obj
 0002:00000924       ??_C@_03LBOHNFKJ@tnl?$AA@  10007924     D3DPipelineManager.obj
 0002:00000928       ??_C@_03KAHEHKLD@hal?$AA@  10007928     D3DPipelineManager.obj
 0002:0000092c       ??_C@_03FNOJMHE@rgb?$AA@   1000792c     D3DPipelineManager.obj
 0002:00000930       ??_C@_03GCDGINBO@ref?$AA@  10007930     D3DPipelineManager.obj
 0002:00000934       ??_C@_0CA@IHFPPPGP@?$FLW?$FN?5D3DPPLM?3?3SelectDeviceType?3?5?$AA@ 10007934     D3DPipelineManager.obj
 0002:00000954       ??_C@_0BE@JCAMCDHB@NEWT_D3D_RASTERIZER?$AA@ 10007954     D3DPipelineManager.obj
 0002:00000968       ??_C@_0CN@OGOPEGAI@D3DPPLM?3?3CheckDeviceCaps?3?5adapte@ 10007968     D3DPipelineManager.obj
 0002:00000998       ??_C@_0EK@BJDINBGC@D3DPPLM?3?3CheckDeviceCaps?3?5adapte@ 10007998     D3DPipelineManager.obj
 0002:000009e8       ??_C@_0EE@MAHPBBCJ@D3DPPLM?3?3CheckDeviceCaps?3?5adapte@ 100079e8     D3DPipelineManager.obj
 0002:00000a2c       ??_C@_0BG@NFMNOAAJ@D3DTEXOPCAPS_MODULATE?$AA@ 10007a2c     D3DPipelineManager.obj
 0002:00000a44       ??_C@_0BG@FGPHEHOB@D3DPTADDRESSCAPS_WRAP?$AA@ 10007a44     D3DPipelineManager.obj
 0002:00000a5c       ??_C@_0BH@DOIJCBLA@D3DPTADDRESSCAPS_CLAMP?$AA@ 10007a5c     D3DPipelineManager.obj
 0002:00000a74       ??_C@_0BL@LMMGIOB@D3DPBLENDCAPS_INVDESTALPHA?$AA@ 10007a74     D3DPipelineManager.obj
 0002:00000a90       ??_C@_0BK@LNNOMMLC@D3DPBLENDCAPS_INVSRCALPHA?$AA@ 10007a90     D3DPipelineManager.obj
 0002:00000aac       ??_C@_0BI@BEOJJKL@D3DPBLENDCAPS_DESTALPHA?$AA@ 10007aac     D3DPipelineManager.obj
 0002:00000ac4       ??_C@_0BH@DPIBKBDM@D3DPBLENDCAPS_SRCALPHA?$AA@ 10007ac4     D3DPipelineManager.obj
 0002:00000adc       ??_C@_0BC@COOJBCOD@D3DPBLENDCAPS_ONE?$AA@ 10007adc     D3DPipelineManager.obj
 0002:00000af0       ??_C@_0BD@CIKECDBM@D3DPBLENDCAPS_ZERO?$AA@ 10007af0     D3DPipelineManager.obj
 0002:00000b04       ??_C@_0BB@LJDFGMKE@D3DPCMPCAPS_LESS?$AA@ 10007b04     D3DPipelineManager.obj
 0002:00000b18       ??_C@_0BD@DFNMPPNP@D3DPCMPCAPS_ALWAYS?$AA@ 10007b18     D3DPipelineManager.obj
 0002:00000b2c       ??_C@_0BD@KFIGHLLF@D3DPMISCCAPS_MASKZ?$AA@ 10007b2c     D3DPipelineManager.obj
 0002:00000b40       ??_C@_0BF@IKEGPNFA@D3DPMISCCAPS_BLENDOP?$AA@ 10007b40     D3DPipelineManager.obj
 0002:00000b58       ??_C@_0BG@BGDIOAAJ@D3DPMISCCAPS_CULLNONE?$AA@ 10007b58     D3DPipelineManager.obj
 0002:00000b70       ??_C@_0CK@CAKDMKN@D3DCAPS3_ALPHA_FULLSCREEN_FLIP_O@ 10007b70     D3DPipelineManager.obj
 0002:00000b9c       ??_C@_0BL@MAEMKJNM@D3DPRASTERCAPS_SCISSORTEST?$AA@ 10007b9c     D3DPipelineManager.obj
 0002:00000bb8       ??_C@_0BL@LJCEGD@D3DDEVCAPS_HWRASTERIZATION?$AA@ 10007bb8     D3DPipelineManager.obj
 0002:00000bd4       ??_C@_0BM@BNGKJPKF@D3DDEVCAPS_DRAWPRIMTLVERTEX?$AA@ 10007bd4     D3DPipelineManager.obj
 0002:00000bf0       ??_C@_0ED@KOEBCIAM@D3DPPLM?3?3D3DEnabledOnAdapter?3?5no@ 10007bf0     D3DPipelineManager.obj
 0002:00000c38       ??_C@_0EN@FAHJDLGJ@D3DPPLM?3?3CreateDefaultFocusWindo@ 10007c38     D3DPipelineManager.obj
 0002:00000c88       ??_C@_0DH@IJJFJLHH@D3DPPLM?3?3CreateDefaultFocusWindo@ 10007c88     D3DPipelineManager.obj
 0002:00000cc0       ??_C@_0EC@PMGDDEPF@D3DPPLM?3?3CreateDefaultFocusWindo@ 10007cc0     D3DPipelineManager.obj
 0002:00000d08       ??_C@_0EC@NCMMLMFG@D3DPPLM?3?3CreateDefaultFocusWindo@ 10007d08     D3DPipelineManager.obj
 0002:00000d50       ??_C@_0EJ@NAMKLPJH@D3DPPLM?3?3GetD3DContext?3?5invalid?5@ 10007d50     D3DPipelineManager.obj
 0002:00000d9c       ??_C@_0CK@FPLEOMEC@D3DPPLM?3?3GetContext?3?5no?5d3d?5on?5a@ 10007d9c     D3DPipelineManager.obj
 0002:00000dc8       ??_C@_0EA@CHOLJLHI@D3DPPLM?3?3GetD3DContext?3?5failed?5t@ 10007dc8     D3DPipelineManager.obj
 0002:00000e08       ??_C@_0CO@OOBCMLCI@?5?5OS?5check?5overridden?5via?5NEWT_D@ 10007e08     D3DPipelineManager.obj
 0002:00000e38       ??_C@_0FD@OKKEPOKL@D3DPPLM?3?3CheckOSVersion?3?5Windows@ 10007e38     D3DPipelineManager.obj
 0002:00000e8c       ??_C@_0DL@NJNPENND@D3DPPLM?3?3GDICheckForBadHardware?3@ 10007e8c     D3DPipelineManager.obj
 0002:00000ec8       ??_C@_15BHOFONJE@?$AA?$CF?$AAX?$AA?$AA@ 10007ec8     D3DPipelineManager.obj
 0002:00000ed0       ??_C@_0DH@LGKFOLAD@D3DPPLM?3?3CheckAdaptersInfo?3?5no?5s@ 10007ed0     D3DPipelineManager.obj
 0002:00000f08       ??_C@_0BD@KGADJKHE@?$CF02X?$CF02X?$CF02X?$CF02X?$HN?6?$AA@ 10007f08     D3DPipelineManager.obj
 0002:00000f1c       ??_C@_0BC@NPHNPJNA@?$CF02X?$CF02X?9?$CF02X?$CF02X?$AA@ 10007f1c     D3DPipelineManager.obj
 0002:00000f30       ??_C@_0CI@EAALCGKE@?$FLI?$FN?5GUID?5?5?5?5?5?5?5?5?5?5?5?5?5?3?5?$HL?$CF08X?9?$CF04@ 10007f30     D3DPipelineManager.obj
 0002:00000f58       ??_C@_0BP@MBJBHBDF@Driver?5Version?5?5?5?3?5?$CFd?4?$CFd?4?$CFd?4?$CFd?$AA@ 10007f58     D3DPipelineManager.obj
 0002:00000f78       ??_C@_0BI@IJICGPHP@SubSys?5Id?5?5?5?5?5?5?5?5?3?50x?$CFx?$AA@ 10007f78     D3DPipelineManager.obj
 0002:00000f90       ??_C@_0BK@LOOABALA@Device?5Id?5?5?5?5?5?5?5?5?3?50x?$CF04x?$AA@ 10007f90     D3DPipelineManager.obj
 0002:00000fac       ??_C@_0BK@PAOJGKPB@Vendor?5Id?5?5?5?5?5?5?5?5?3?50x?$CF04x?$AA@ 10007fac     D3DPipelineManager.obj
 0002:00000fc8       ??_C@_0BK@NMOLPGLJ@GDI?5Name?0?5Driver?5?3?5?$CFs?0?5?$CFs?$AA@ 10007fc8     D3DPipelineManager.obj
 0002:00000fe4       ??_C@_0BG@MLCAAKBG@Description?5?5?5?5?5?5?3?5?$CFs?$AA@ 10007fe4     D3DPipelineManager.obj
 0002:00000ffc       ??_C@_0BI@HNGGAGIC@Adapter?5Handle?5?5?5?3?50x?$CFx?$AA@ 10007ffc     D3DPipelineManager.obj
 0002:00001014       ??_C@_0BG@CONKCHAG@Adapter?5Ordinal?5?5?3?5?$CFd?$AA@ 10008014     D3DPipelineManager.obj
 0002:0000102c       ??_C@_0BD@EMMMLPFN@?9?9?9?9?9?9?9?9?9?9?9?9?9?9?9?9?9?9?$AA@ 1000802c     D3DPipelineManager.obj
 0002:00001040       ??_C@_0BC@EBNIGFEP@CheckAdaptersInfo?$AA@ 10008040     D3DPipelineManager.obj
 0002:00001054       ??_C@_0BM@GDBEFNAP@InitAdapters?3?5out?5of?5memory?$AA@ 10008054     D3DPipelineManager.obj
 0002:00001070       ??_C@_0CB@ENHMHEFB@InitD3D?3?5failed?5to?5init?5adapters@ 10008070     D3DPipelineManager.obj
 0002:00001094       ??_C@_0CM@GDCJFKAG@InitD3D?3?5unable?5to?5create?5IDirec@ 10008094     D3DPipelineManager.obj
 0002:000010c0       ??_C@_0BM@HLGOHIP@InitD3D?3?5no?5Direct3DCreate9?$AA@ 100080c0     D3DPipelineManager.obj
 0002:000010dc       ??_C@_0BA@FAFMMBOF@Direct3DCreate9?$AA@ 100080dc     D3DPipelineManager.obj
 0002:000010ec       ??_C@_0BF@JECEPJBF@InitD3D?3?5no?5d3d9?4dll?$AA@ 100080ec     D3DPipelineManager.obj
 0002:00001104       ??_C@_1BC@LLFFMIOK@?$AAd?$AA3?$AAd?$AA9?$AA?4?$AAd?$AAl?$AAl?$AA?$AA@ 10008104     D3DPipelineManager.obj
 0002:00001118       ??_C@_0DL@PMPLAECG@D3DPPLM?3?3CreateInstance?3?5unexpec@ 10008118     D3DPipelineManager.obj
 0002:00001154       ??_C@_0BE@HHFFHFLE@NEWT_D3D_NO_HWCHECK?$AA@ 10008154     D3DPipelineManager.obj
 0002:00001168       ??_7IManagedResource@@6B@  10008168     D3DResourceManager.obj
 0002:00001174       ??_7D3DPixelShaderResource@@6B@ 10008174     D3DResourceManager.obj
 0002:00001180       ??_7D3DVertexBufferResource@@6B@ 10008180     D3DResourceManager.obj
 0002:00001190       ??_C@_0EE@NBAGNFFN@D3DRM?3?3RelNotifyReleased?3?5can?8t?5@ 10008190     D3DResourceManager.obj
 0002:000011d4       ??_C@_04PFANPMCN@?$CII?$CJV?$AA@ 100081d4     D3DResourceManager.obj
 0002:000011dc       ??_C@_0CF@PHIDCHOF@com?1sun?1prism?1d3d?1D3DResourceFac@ 100081dc     D3DResourceManager.obj
 0002:00001204       ??_C@_0BA@ECLHGFEE@markAllReleased?$AA@ 10008204     D3DResourceManager.obj
 0002:00001214       ??_C@_0BI@KBELBJGM@markDefaultPoolReleased?$AA@ 10008214     D3DResourceManager.obj
 0002:0000122c       ??_7D3DResource@@6B@       1000822c     D3DResourceManager.obj
 0002:00001238       ??_C@_0CI@IBONNBKL@nCreateTexture?3?5unknown?5format?5h@ 10008238     D3DResourceFactory.obj
 0002:00001260       ??_C@_0CJ@OOPFFIMA@nUpdateTextureB?3?5unknown?5format?5@ 10008260     D3DResourceFactory.obj
 0002:0000128c       ??_C@_0DC@LGFLIKEK@D3DResourceFactory_nReadPixels?5l@ 1000828c     D3DResourceFactory.obj
 0002:000012c0       ??_C@_0DF@NGJDKFC@D3DResourceFactory_nReadPixels?5b@ 100082c0     D3DResourceFactory.obj
 0002:000012f8       ??_C@_0DJ@GNLGJPBB@D3DResourceFactory_nReadPixels?5d@ 100082f8     D3DResourceFactory.obj
 0002:000014e8       ??_C@_0DL@MOIONFOK@D3DContext?3?3InitDefice?3?5successf@ 100084e8     D3DContext.obj
 0002:00001524       ??_C@_0DE@PMCKEBOA@D3DContext?3?3InitDevice?3?5error?5cr@ 10008524     D3DContext.obj
 0002:00001558       ??_C@_0DB@GCKCPFHG@D3DContext?3?3InitDevice?3?5sync?5que@ 10008558     D3DContext.obj
 0002:0000158c       ??_C@_0CC@PBKPNBLP@D3DContext?3?3InitDevice?3?5device?5?$CF@ 1000858c     D3DContext.obj
 0002:000015b0       ??_C@_0CC@EHOKFFJA@?5?5x1?$DN?$CF?94d?5y1?$DN?$CF?94d?5x2?$DN?$CF?94d?5y2?$DN?$CF?94@ 100085b0     D3DContext.obj
 0002:000015d4       ??_C@_0P@CDHBPDFA@?5?5?$HM?5CAPS_EMPTY?$AA@ 100085d4     D3DContext.obj
 0002:000015e4       ??_C@_0BG@CEHLEPEL@?5?5?$HM?5CAPS_TEXNONSQUARE?$AA@ 100085e4     D3DContext.obj
 0002:000015fc       ??_C@_0BE@CDONPOIM@?5?5?$HM?5CAPS_TEXNONPOW2?$AA@ 100085fc     D3DContext.obj
 0002:00001610       ??_C@_0BG@GKCJONMA@?5?5?$HM?5CAPS_MULTITEXTURE?$AA@ 10008610     D3DContext.obj
 0002:00001628       ??_C@_0O@OJOFOFCD@?5?5?$HM?5CAPS_PS30?$AA@ 10008628     D3DContext.obj
 0002:00001638       ??_C@_0BD@FMCHJLPC@?5?5?$HM?5CAPS_AA_SHADER?$AA@ 10008638     D3DContext.obj
 0002:0000164c       ??_C@_0DD@BLBBOMDF@?5?5?$HM?5CAPS_LCD_SHADER?5?$HM?5CAPS_BIOP_@ 1000864c     D3DContext.obj
 0002:00001680       ??_C@_0BL@HKADMMBK@?5?5?$HM?5CAPS_RT_TEXTURE_OPAQUE?$AA@ 10008680     D3DContext.obj
 0002:0000169c       ??_C@_0BK@CFMGGDDH@?5?5?$HM?5CAPS_RT_TEXTURE_ALPHA?$AA@ 1000869c     D3DContext.obj
 0002:000016b8       ??_C@_0BI@MLODHKDO@?5?5?$HM?5CAPS_RT_PLAIN_ALPHA?$AA@ 100086b8     D3DContext.obj
 0002:000016d0       ??_C@_0BD@LFMLHDEC@?5?5?$HM?5CAPS_DEVICE_OK?$AA@ 100086d0     D3DContext.obj
 0002:000016e4       ??_C@_0DO@CFFEEDKN@D3DContext?3?3ConfigureContext?3?5su@ 100086e4     D3DContext.obj
 0002:00001724       ??_C@_0CE@IIPIPKNL@D3DCREATE_SOFTWARE_VERTEXPROCESS@ 10008724     D3DContext.obj
 0002:00001748       ??_C@_0CE@NFBLPJNI@D3DCREATE_HARDWARE_VERTEXPROCESS@ 10008748     D3DContext.obj
 0002:0000176c       ??_C@_0CM@LJDLGEFN@?$FLV?$FN?5dwBehaviorFlags?$DND3DCREATE_FP@ 1000876c     D3DContext.obj
 0002:00001798       ??_C@_0DM@BNHMJFCH@D3DContext?3?3ConfigureContext?3?5su@ 10008798     D3DContext.obj
 0002:000017d4       ??_C@_0CH@MBOGFKGH@D3DContext?3?3ConfigureContext?5dev@ 100087d4     D3DContext.obj
 0002:000017fc       ??_C@_0CC@NNEOKBOM@D3DContext?3?3InitContext?5device?5?$CF@ 100087fc     D3DContext.obj
 0002:00001820       ??_C@_0BJ@HECBPIIN@D3DContext?3?3ResetContext?$AA@ 10008820     D3DContext.obj
 0002:0000183c       ??_C@_0DE@EBGMKKEG@D3DShader_init?3?5Could?5not?5get?5di@ 1000883c     D3DShader.obj
 0002:00001870       ??_C@_0CC@ECJLINOE@D3DShader_enable?3?5pShader?5is?5nul@ 10008870     D3DShader.obj
 0002:00001894       ??_C@_0DN@DMLGANHP@D3DShader_setConstantsI?3?5Could?5n@ 10008894     D3DShader.obj
 0002:000018d4       ??_C@_0CG@MAKLDJBA@?5?5Could?5not?5get?5direct?5buffer?5ad@ 100088d4     D3DShader.obj
 0002:000018fc       ??_C@_0CC@DNNFPILA@?$CIE?$CJ?3?5Error?5opening?5trace?5file?5?$CFs@ 100088fc     Trace.obj
 0002:00001920       ??_C@_01NOFIACDB@w?$AA@    10008920     Trace.obj
 0002:00001924       ??_C@_0P@PPAJNJAI@NWT_TRACE_FILE?$AA@ 10008924     Trace.obj
 0002:00001934       ??_C@_02DPKJAMEF@?$CFd?$AA@ 10008934     Trace.obj
 0002:00001938       ??_C@_0BA@JCHPIHO@NWT_TRACE_LEVEL?$AA@ 10008938     Trace.obj
 0002:00001948       ??_C@_05LKLPEAOK@?$CI?$CFd?$CJ?5?$AA@ 10008948     Trace.obj
 0002:00001950       ??_C@_04GEMNBCKH@?$CIX?$CJ?5?$AA@ 10008950     Trace.obj
 0002:00001958       ??_C@_04IEBCGFJE@?$CIV?$CJ?5?$AA@ 10008958     Trace.obj
 0002:00001960       ??_C@_04IMGICCFN@?$CII?$CJ?5?$AA@ 10008960     Trace.obj
 0002:00001968       ??_C@_04DMKOACPB@?$CIW?$CJ?5?$AA@ 10008968     Trace.obj
 0002:00001970       ??_C@_04MGLOJNOF@?$CIE?$CJ?5?$AA@ 10008970     Trace.obj
 0002:000019c8       __load_config_used         100089c8     MSVCRT:loadcfg.obj
 0002:00001a10       ___safe_se_handler_table   10008a10     <linker-defined>
 0002:00001a24       ___rtc_iaa                 10008a24     MSVCRT:initsect.obj
 0002:00001a28       ___rtc_izz                 10008a28     MSVCRT:initsect.obj
 0002:00001a2c       ___rtc_taa                 10008a2c     MSVCRT:initsect.obj
 0002:00001a30       ___rtc_tzz                 10008a30     MSVCRT:initsect.obj
 0002:00001b78       __IMPORT_DESCRIPTOR_USER32 10008b78     user32:USER32.dll
 0002:00001b8c       __IMPORT_DESCRIPTOR_MSVCR71 10008b8c     MSVCRT:MSVCR71.dll
 0002:00001ba0       __IMPORT_DESCRIPTOR_KERNEL32 10008ba0     kernel32:KERNEL32.dll
 0002:00001bb4       __NULL_IMPORT_DESCRIPTOR   10008bb4     user32:USER32.dll
 0003:00000000       ___xc_a                    1000b000     MSVCRT:cinitexe.obj
 0003:00000008       ___xc_z                    1000b008     MSVCRT:cinitexe.obj
 0003:0000000c       ___xi_a                    1000b00c     MSVCRT:cinitexe.obj
 0003:00000010       ___xi_z                    1000b010     MSVCRT:cinitexe.obj
 0003:00000040       ___security_cookie         1000b040     MSVCRT:seccook.obj
 0003:00000044       ?pMgr@D3DPipelineManager@@0PAV1@A 1000b044     D3DPipelineManager.obj
 0003:0000005c       __adjust_fdiv              1000b05c     <common>
 0003:00000060       ___onexitend               1000b060     <common>
 0003:00000064       ___onexitbegin             1000b064     <common>
 0003:00000068       __pRawDllMain              1000b068     <common>

 entry point at        0001:00005750

 Static symbols

 0001:00005960       $L47673                    10006960 f   D3DResourceManager.obj
 0001:00005960       $L47764                    10006960 f   D3DResourceManager.obj
 0001:00005960       $L47690                    10006960 f   D3DResourceManager.obj
 0001:00005960       $L47720                    10006960 f   D3DResourceManager.obj
 0001:00005960       $L47787                    10006960 f   D3DResourceManager.obj
 0001:00005968       __ehhandler$??0D3DResource@@QAE@PAUIDirect3DResource9@@@Z 10006968 f   D3DResourceManager.obj
 0001:00005968       __ehhandler$??1D3DPixelShaderResource@@UAE@XZ 10006968 f   D3DResourceManager.obj
 0001:00005968       __ehhandler$??1D3DResource@@MAE@XZ 10006968 f   D3DResourceManager.obj
 0001:00005968       __ehhandler$??0D3DResource@@QAE@PAUIDirect3DSwapChain9@@@Z 10006968 f   D3DResourceManager.obj
 0001:00005968       __ehhandler$??1D3DVertexBufferResource@@UAE@XZ 10006968 f   D3DResourceManager.obj
 0001:00005980       $L47852                    10006980 f   D3DResourceManager.obj
 0001:0000598b       __ehhandler$?CreateTexture@D3DResourceManager@@QAEJIIHHPAW4_D3DFORMAT@@KPAPAVD3DResource@@@Z 1000698b f   D3DResourceManager.obj
 0001:000059a0       $L47896                    100069a0 f   D3DResourceManager.obj
 0001:000059a0       $L47916                    100069a0 f   D3DResourceManager.obj
 0001:000059ab       __ehhandler$?CreateOSPSurface@D3DResourceManager@@AAEJIIW4_D3DFORMAT@@PAPAVD3DResource@@@Z 100069ab f   D3DResourceManager.obj
 0001:000059ab       __ehhandler$?CreateRTSurface@D3DResourceManager@@QAEJIIHHPAW4_D3DFORMAT@@PAPAVD3DResource@@@Z 100069ab f   D3DResourceManager.obj
 0001:000059c0       $L47936                    100069c0 f   D3DResourceManager.obj
 0001:000059cb       __ehhandler$?CreateSwapChain@D3DResourceManager@@QAEJPAUHWND__@@IIIW4_D3DSWAPEFFECT@@IPAPAVD3DResource@@@Z 100069cb f   D3DResourceManager.obj
 0001:000059e0       _$E1                       100069e0 f   D3DPipelineManager.obj
